Component: ARM Compiler 5.05 update 1 (build 106) Tool: armlink [4d0efa]

==============================================================================

Section Cross References

    jzcanparse.o(i.Jz_CanParse_Init) refers to systermdefine.o(i.JzSemCreate) for JzSemCreate
    jzcanparse.o(i.Jz_CanParse_Init) refers to jzqueue.o(i.JZ_QueueInit) for JZ_QueueInit
    jzcanparse.o(i.Jz_CanParse_Init) refers to systermdefine.o(i.JzThreadCreate) for JzThreadCreate
    jzcanparse.o(i.Jz_CanParse_Init) refers to __2printf.o(.text) for __2printf
    jzcanparse.o(i.Jz_CanParse_Init) refers to jzcanparse.o(.data) for g_Sem
    jzcanparse.o(i.Jz_CanParse_Init) refers to jzcanparse.o(.bss) for g_stRxMsgPool
    jzcanparse.o(i.Jz_CanParse_Init) refers to jzcanparse.o(i.Jz_CanParse_TaskFunc) for Jz_CanParse_TaskFunc
    jzcanparse.o(i.Jz_CanParse_Join) refers to systermdefine.o(i.JzThreadJoin) for JzThreadJoin
    jzcanparse.o(i.Jz_CanParse_Join) refers to jzqueue.o(i.JZ_QueueDestroy) for JZ_QueueDestroy
    jzcanparse.o(i.Jz_CanParse_Join) refers to __2printf.o(.text) for __2printf
    jzcanparse.o(i.Jz_CanParse_Join) refers to jzcanparse.o(.data) for g_bExit
    jzcanparse.o(i.Jz_CanParse_Join) refers to jzcanparse.o(.bss) for g_stQueueInfo
    jzcanparse.o(i.Jz_CanParse_SendFrame) refers to jzqueue.o(i.JZ_QueuePut) for JZ_QueuePut
    jzcanparse.o(i.Jz_CanParse_SendFrame) refers to systermdefine.o(i.JzSemPost) for JzSemPost
    jzcanparse.o(i.Jz_CanParse_SendFrame) refers to jzcanparse.o(.bss) for g_stQueueInfo
    jzcanparse.o(i.Jz_CanParse_SendFrame) refers to jzcanparse.o(.data) for g_Sem
    jzcanparse.o(i.Jz_CanParse_SetCallBack) refers to jzcanparse.o(.data) for g_CanParseCallBackFunc
    jzcanparse.o(i.Jz_CanParse_TaskFunc) refers to __2printf.o(.text) for __2printf
    jzcanparse.o(i.Jz_CanParse_TaskFunc) refers to systermdefine.o(i.JzSemWartfor) for JzSemWartfor
    jzcanparse.o(i.Jz_CanParse_TaskFunc) refers to jzj1939.o(i.Jz_J1939_Parse) for Jz_J1939_Parse
    jzcanparse.o(i.Jz_CanParse_TaskFunc) refers to jzqueue.o(i.JZ_QueueGet) for JZ_QueueGet
    jzcanparse.o(i.Jz_CanParse_TaskFunc) refers to systermdefine.o(i.JzThreadExit) for JzThreadExit
    jzcanparse.o(i.Jz_CanParse_TaskFunc) refers to jzcanparse.o(.data) for g_Sem
    jzcanparse.o(i.Jz_CanParse_TaskFunc) refers to jzcanparse.o(.bss) for g_stQueueInfo
    jzcanread.o(i.Jz_CanRead_Init) refers to systermdefine.o(i.JzSemCreate) for JzSemCreate
    jzcanread.o(i.Jz_CanRead_Init) refers to systermdefine.o(i.JzThreadCreate) for JzThreadCreate
    jzcanread.o(i.Jz_CanRead_Init) refers to rt_memclr_w.o(.text) for __aeabi_memclr4
    jzcanread.o(i.Jz_CanRead_Init) refers to __2printf.o(.text) for __2printf
    jzcanread.o(i.Jz_CanRead_Init) refers to jzcanread.o(.data) for g_CanReadSem
    jzcanread.o(i.Jz_CanRead_Init) refers to jzcanread.o(i.Jz_CanRead_TaskFunc) for Jz_CanRead_TaskFunc
    jzcanread.o(i.Jz_CanRead_Init) refers to jzcanread.o(.bss) for g_CanRxMsg
    jzcanread.o(i.Jz_CanRead_Join) refers to systermdefine.o(i.JzThreadJoin) for JzThreadJoin
    jzcanread.o(i.Jz_CanRead_Join) refers to __2printf.o(.text) for __2printf
    jzcanread.o(i.Jz_CanRead_Join) refers to jzcanread.o(.data) for g_btaskExit
    jzcanread.o(i.Jz_CanRead_ResetCan) refers to jzparam.o(i.Jz_ParamGetResetFilter) for Jz_ParamGetResetFilter
    jzcanread.o(i.Jz_CanRead_ResetCan) refers to jzparam.o(i.Jz_ParamGetBaudrate) for Jz_ParamGetBaudrate
    jzcanread.o(i.Jz_CanRead_Resume) refers to systermdefine.o(i.JzCanEnable) for JzCanEnable
    jzcanread.o(i.Jz_CanRead_Resume) refers to jzcanread.o(.data) for g_CanReadEn
    jzcanread.o(i.Jz_CanRead_SendFrame) refers to rt_memcpy_w.o(.text) for __aeabi_memcpy4
    jzcanread.o(i.Jz_CanRead_SendFrame) refers to systermdefine.o(i.JzSemPost) for JzSemPost
    jzcanread.o(i.Jz_CanRead_SendFrame) refers to __2printf.o(.text) for __2printf
    jzcanread.o(i.Jz_CanRead_SendFrame) refers to jzcanread.o(.data) for g_bFinished
    jzcanread.o(i.Jz_CanRead_SendFrame) refers to jzcanread.o(.bss) for g_CanRxMsg
    jzcanread.o(i.Jz_CanRead_SetCallBack) refers to jzcanread.o(.data) for g_CanReadCallBackFunc
    jzcanread.o(i.Jz_CanRead_SetFilter) refers to __2printf.o(.text) for __2printf
    jzcanread.o(i.Jz_CanRead_Suspend) refers to systermdefine.o(i.JzCanDisable) for JzCanDisable
    jzcanread.o(i.Jz_CanRead_Suspend) refers to jzcanread.o(.data) for g_CanReadEn
    jzcanread.o(i.Jz_CanRead_TaskFunc) refers to _printf_percent.o(.ARM.Collect$$_printf_percent$$00000000) for _printf_percent
    jzcanread.o(i.Jz_CanRead_TaskFunc) refers to _printf_d.o(.ARM.Collect$$_printf_percent$$00000009) for _printf_d
    jzcanread.o(i.Jz_CanRead_TaskFunc) refers to _printf_s.o(.ARM.Collect$$_printf_percent$$00000014) for _printf_s
    jzcanread.o(i.Jz_CanRead_TaskFunc) refers to _printf_dec.o(.text) for _printf_int_dec
[...]
    .constdata                               0x080048b9   Section       21  jzuartread.o(.constdata)
    __func__                                 0x080048b9   Data          21  jzuartread.o(.constdata)
    .constdata                               0x080048ce   Section       25  systermdefine.o(.constdata)
    __func__                                 0x080048ce   Data          12  systermdefine.o(.constdata)
    __func__                                 0x080048da   Data          13  systermdefine.o(.constdata)
    .constdata                               0x080048e7   Section       22  jz_peripheral_can.o(.constdata)
    __func__                                 0x080048e7   Data          22  jz_peripheral_can.o(.constdata)
    .constdata                               0x080048fd   Section      256  os_core.o(.constdata)
    .constdata                               0x080049fd   Section       40  _printf_hex_int_ll_ptr.o(.constdata)
    uc_hextab                                0x080049fd   Data          20  _printf_hex_int_ll_ptr.o(.constdata)
    lc_hextab                                0x08004a11   Data          20  _printf_hex_int_ll_ptr.o(.constdata)
    .constdata                               0x08004a25   Section       17  __printf_flags_ss_wp.o(.constdata)
    maptable                                 0x08004a25   Data          17  __printf_flags_ss_wp.o(.constdata)
    .data                                    0x20000000   Section       64  jzcanparse.o(.data)
    g_Pid                                    0x20000000   Data           4  jzcanparse.o(.data)
    g_Sem                                    0x20000004   Data           4  jzcanparse.o(.data)
    g_bExit                                  0x20000008   Data           1  jzcanparse.o(.data)
    g_CanParseCallBackFunc                   0x2000000c   Data           4  jzcanparse.o(.data)
    g_attr                                   0x20000010   Data          48  jzcanparse.o(.data)
    .data                                    0x20000040   Section       68  jzcanread.o(.data)
    g_Pid                                    0x20000040   Data           4  jzcanread.o(.data)
    g_CanReadSem                             0x20000044   Data           4  jzcanread.o(.data)
    g_btaskExit                              0x20000048   Data           1  jzcanread.o(.data)
    g_bFinished                              0x20000049   Data           1  jzcanread.o(.data)
    g_CanReadCallBackFunc                    0x2000004c   Data           4  jzcanread.o(.data)
    g_CanReadEn                              0x20000050   Data           4  jzcanread.o(.data)
    g_attr                                   0x20000054   Data          48  jzcanread.o(.data)
    .data                                    0x20000084   Section       25  jzj1939.o(.data)
    g_J1939_TCO1_Speed_Cred                  0x20000084   Data           1  jzj1939.o(.data)
    g_J1939_TCO1_Speed                       0x20000085   Data           1  jzj1939.o(.data)
    g_J1939_Wheel_Speed_Cred                 0x20000086   Data           1  jzj1939.o(.data)
    g_J1939_Wheel_Speed                      0x20000087   Data           1  jzj1939.o(.data)
    g_J1939_EBC1_Brake                       0x20000088   Data           1  jzj1939.o(.data)
    g_J1939_EEC2_Accelerate                  0x20000089   Data           1  jzj1939.o(.data)
    g_J1939_EEC1_RPM                         0x2000008a   Data           2  jzj1939.o(.data)
    g_J939_DisOfTraval                       0x2000008c   Data           4  jzj1939.o(.data)
    g_J939_AllDisOfTraval                    0x20000090   Data           4  jzj1939.o(.data)
    g_J939_FuelOil                           0x20000094   Data           4  jzj1939.o(.data)
    g_J939_AllFuelOil                        0x20000098   Data           4  jzj1939.o(.data)
    msgcounter                               0x2000009c   Data           1  jzj1939.o(.data)
    .data                                    0x2000009d   Section        2  jzparam.o(.data)
    g_ResetFilterNum                         0x2000009d   Data           1  jzparam.o(.data)
    g_DefaultBaudrate                        0x2000009e   Data           1  jzparam.o(.data)
    .data                                    0x2000009f   Section        1  jzuartcan.o(.data)
    msgcounter                               0x2000009f   Data           1  jzuartcan.o(.data)
    .data                                    0x200000a0   Section       60  jzuartparse.o(.data)
    g_Pid                                    0x200000a0   Data           4  jzuartparse.o(.data)
    g_Sem                                    0x200000a4   Data           4  jzuartparse.o(.data)
    g_bExit                                  0x200000a8   Data           1  jzuartparse.o(.data)
    g_attr                                   0x200000ac   Data          48  jzuartparse.o(.data)
    .data                                    0x200000dc   Section       68  jzuartread.o(.data)
    g_Pid                                    0x200000dc   Data           4  jzuartread.o(.data)
    g_Sem                                    0x200000e0   Data           4  jzuartread.o(.data)
    g_btaskExit                              0x200000e4   Data           1  jzuartread.o(.data)
    g_bFinished                              0x200000e5   Data           1  jzuartread.o(.data)
    g_UartReadCallBackFunc                   0x200000e8   Data           4  jzuartread.o(.data)
    g_VaildLen                               0x200000ec   Data           4  jzuartread.o(.data)
    g_attr                                   0x200000f0   Data          48  jzuartread.o(.data)
    .data                                    0x20000120   Section       64  jzuartsend.o(.data)
    g_Pid                                    0x20000120   Data           4  jzuartsend.o(.data)
    g_Sem                                    0x20000124   Data           4  jzuartsend.o(.data)
    g_btaskExit                              0x20000128   Data           1  jzuartsend.o(.data)
    g_attr                                   0x2000012c   Data          48  jzuartsend.o(.data)
    flag                                     0x2000015c   Data           4  jzuartsend.o(.data)
    .data                                    0x20000160   Section        8  jz_peripheral_can.o(.data)
    g_Priority                               0x20000160   Data           1  jz_peripheral_can.o(.data)
    g_SubPriority                            0x20000161   Data           1  jz_peripheral_can.o(.data)
    .data                                    0x20000168   Section        8  jz_peripheral_uart.o(.data)
    .data                                    0x20000170   Section       20  system_stm32f10x.o(.data)
    .data                                    0x20000184   Section       92  os_core.o(.data)
    .data                                    0x200001e0   Section        6  os_cpu_c.o(.data)
    OSTmrCtr                                 0x200001e4   Data           2  os_cpu_c.o(.data)
    .data                                    0x200001e6   Section       20  stm32f10x_rcc.o(.data)
    APBAHBPrescTable                         0x200001e6   Data          16  stm32f10x_rcc.o(.data)
    ADCPrescTable                            0x200001f6   Data           4  stm32f10x_rcc.o(.data)
    .data                                    0x200001fa   Section        4  delay.o(.data)
    fac_us                                   0x200001fa   Data           1  delay.o(.data)
    fac_ms                                   0x200001fc   Data           2  delay.o(.data)
    .data                                    0x20000200   Section        6  usart.o(.data)
    .bss                                     0x20000208   Section      412  jzcanparse.o(.bss)
    g_stRxMsgPool                            0x20000208   Data         400  jzcanparse.o(.bss)
    g_stQueueInfo                            0x20000398   Data          12  jzcanparse.o(.bss)
    .bss                                     0x200003a4   Section       20  jzcanread.o(.bss)
    g_CanRxMsg                               0x200003a4   Data          20  jzcanread.o(.bss)
    .bss                                     0x200003b8   Section      312  jzparam.o(.bss)
    g_stJzCanFilter                          0x200003b8   Data         156  jzparam.o(.bss)
    g_stJzCanResetFilter                     0x20000454   Data         156  jzparam.o(.bss)
    .bss                                     0x200004f0   Section     2304  jzthreadinfo.o(.bss)
    UART_PARSE_TASK_STK                      0x200004f0   Data         512  jzthreadinfo.o(.bss)
    UART_READ_TASK_STK                       0x200006f0   Data         512  jzthreadinfo.o(.bss)
    UART_SEND_TASK_STK                       0x200008f0   Data         384  jzthreadinfo.o(.bss)
    CAN_READ_TASK_STK                        0x20000a70   Data         512  jzthreadinfo.o(.bss)
    CAN_PARSE_TASK_STK                       0x20000c70   Data         384  jzthreadinfo.o(.bss)
    .bss                                     0x20000df0   Section      792  jzuartparse.o(.bss)
    g_Buffer                                 0x20000df0   Data         512  jzuartparse.o(.bss)
    g_Parse                                  0x20000ff0   Data         256  jzuartparse.o(.bss)
    g_RingbufferInfo                         0x200010f0   Data          24  jzuartparse.o(.bss)
    .bss                                     0x20001108   Section      200  jzuartread.o(.bss)
    g_ReadBuffer                             0x20001108   Data         200  jzuartread.o(.bss)
    .bss                                     0x200011d0   Section      280  jzuartsend.o(.bss)
    g_stSendMsgPool                          0x200011d0   Data         200  jzuartsend.o(.bss)
    g_stSendQueueInfo                        0x20001298   Data          12  jzuartsend.o(.bss)
    mSendMsg                                 0x200012a4   Data          20  jzuartsend.o(.bss)
    mUartMsg                                 0x200012b8   Data          17  jzuartsend.o(.bss)
    mJ1939Info                               0x200012cc   Data          28  jzuartsend.o(.bss)
    .bss                                     0x200012e8   Section      400  jz_peripheral_uart.o(.bss)
    .bss                                     0x20001478   Section     3964  os_core.o(.bss)
    .bss                                     0x200023f4   Section      200  usart.o(.bss)
    .bss                                     0x200024bc   Section      256  main.o(.bss)
    .bss                                     0x200025bc   Section       96  libspace.o(.bss)
    HEAP                                     0x20002620   Section      512  startup_stm32f10x_md.o(HEAP)
    Heap_Mem                                 0x20002620   Data         512  startup_stm32f10x_md.o(HEAP)
    STACK                                    0x20002820   Section     1024  startup_stm32f10x_md.o(STACK)
    Stack_Mem                                0x20002820   Data        1024  startup_stm32f10x_md.o(STACK)
    __initial_sp                             0x20002c20   Data           0  startup_stm32f10x_md.o(STACK)

    Global Symbols

    Symbol Name                              Value     Ov Type        Size  Object(Section)

    BuildAttributes$$THM_ISAv4$P$D$K$B$S$PE$A:L22UL41UL21$X:L11$S22US41US21$IEEE1$IW$USESV6$~STKCKD$USESV7$~SHL$OTIME$ROPI$IEEEJ$EBA8$UX$STANDARDLIB$REQ8$PRES8$EABIv2 0x00000000   Number         0  anon$$obj.o ABSOLUTE
    __ARM_use_no_argv                        0x00000000   Number         0  main.o ABSOLUTE
    _printf_flags                            0x00000000   Number         0  printf_stubs.o ABSOLUTE
    _printf_return_value                     0x00000000   Number         0  printf_stubs.o ABSOLUTE
    _printf_sizespec                         0x00000000   Number         0  printf_stubs.o ABSOLUTE
    _printf_widthprec                        0x00000000   Number         0  printf_stubs.o ABSOLUTE
    __ARM_exceptions_init                     - Undefined Weak Reference
    __alloca_initialize                       - Undefined Weak Reference
    __arm_preinit_                            - Undefined Weak Reference
    __cpp_initialize__aeabi_                  - Undefined Weak Reference
    __cxa_finalize                            - Undefined Weak Reference
    __sigvec_lookup                           - Undefined Weak Reference
    _atexit_init                              - Undefined Weak Reference
    _call_atexit_fns                          - Undefined Weak Reference
    _clock_init                               - Undefined Weak Reference
    _fp_trap_init                             - Undefined Weak Reference
    _fp_trap_shutdown                         - Undefined Weak Reference
    _get_lc_collate                           - Undefined Weak Reference
    _get_lc_monetary                          - Undefined Weak Reference
    _get_lc_time                              - Undefined Weak Reference
    _getenv_init                              - Undefined Weak Reference
    _handle_redirection                       - Undefined Weak Reference
    _init_alloc                               - Undefined Weak Reference
    _init_user_alloc                          - Undefined Weak Reference
    _initio                                   - Undefined Weak Reference
    _mutex_acquire                            - Undefined Weak Reference
    _mutex_release                            - Undefined Weak Reference
    _printf_mbtowc                            - Undefined Weak Reference
    _printf_wc                                - Undefined Weak Reference
    _rand_init                                - Undefined Weak Reference
    _signal_finish                            - Undefined Weak Reference
    _signal_init                              - Undefined Weak Reference
    _terminate_alloc                          - Undefined Weak Reference
    _terminate_user_alloc                     - Undefined Weak Reference
    _terminateio                              - Undefined Weak Reference
    __Vectors_Size                           0x000000ec   Number         0  startup_stm32f10x_md.o ABSOLUTE
    __Vectors                                0x08000000   Data           4  startup_stm32f10x_md.o(RESET)
    __Vectors_End                            0x080000ec   Data           0  startup_stm32f10x_md.o(RESET)
    __main                                   0x080000ed   Thumb Code     8  __main.o(!!!main)
    __scatterload                            0x080000f5   Thumb Code     0  __scatter.o(!!!scatter)
    __scatterload_rt2                        0x080000f5   Thumb Code    44  __scatter.o(!!!scatter)
    __scatterload_rt2_thumb_only             0x080000f5   Thumb Code     0  __scatter.o(!!!scatter)
    __scatterload_null                       0x08000103   Thumb Code     0  __scatter.o(!!!scatter)
    __decompress                             0x08000129   Thumb Code    90  __dczerorl2.o(!!dczerorl2)
    __decompress1                            0x08000129   Thumb Code     0  __dczerorl2.o(!!dczerorl2)
    __scatterload_zeroinit                   0x08000185   Thumb Code    28  __scatter_zi.o(!!handler_zi)
    _printf_d                                0x080001a1   Thumb Code     0  _printf_d.o(.ARM.Collect$$_printf_percent$$00000009)
    _printf_percent                          0x080001a1   Thumb Code     0  _printf_percent.o(.ARM.Collect$$_printf_percent$$00000000)
    _printf_x                                0x080001a7   Thumb Code     0  _printf_x.o(.ARM.Collect$$_printf_percent$$0000000C)
    _printf_s                                0x080001ad   Thumb Code     0  _printf_s.o(.ARM.Collect$$_printf_percent$$00000014)
    _printf_percent_end                      0x080001b3   Thumb Code     0  _printf_percent_end.o(.ARM.Collect$$_printf_percent$$00000017)
    __rt_lib_init                            0x080001b7   Thumb Code     0  libinit.o(.ARM.Collect$$libinit$$00000000)
    __rt_lib_init_alloca_1                   0x080001b9   Thumb Code     0  libinit2.o(.ARM.Collect$$libinit$$0000002E)
    __rt_lib_init_argv_1                     0x080001b9   Thumb Code     0  libinit2.o(.ARM.Collect$$libinit$$0000002C)
    __rt_lib_init_atexit_1                   0x080001b9   Thumb Code     0  libinit2.o(.ARM.Collect$$libinit$$0000001B)
    __rt_lib_init_clock_1                    0x080001b9   Thumb Code     0  libinit2.o(.ARM.Collect$$libinit$$00000021)
    __rt_lib_init_cpp_1                      0x080001b9   Thumb Code     0  libinit2.o(.ARM.Collect$$libinit$$00000032)
    __rt_lib_init_exceptions_1               0x080001b9   Thumb Code     0  libinit2.o(.ARM.Collect$$libinit$$00000030)
    __rt_lib_init_fp_1                       0x080001b9   Thumb Code     0  libinit2.o(.ARM.Collect$$libinit$$00000002)
    __rt_lib_init_fp_trap_1                  0x080001b9   Thumb Code     0  libinit2.o(.ARM.Collect$$libinit$$0000001F)
    __rt_lib_init_getenv_1                   0x080001b9   Thumb Code     0  libinit2.o(.ARM.Collect$$libinit$$00000023)
    __rt_lib_init_heap_1                     0x080001b9   Thumb Code     0  libinit2.o(.ARM.Collect$$libinit$$0000000A)
    __rt_lib_init_lc_collate_1               0x080001b9   Thumb Code     0  libinit2.o(.ARM.Collect$$libinit$$00000011)
    __rt_lib_init_lc_ctype_1                 0x080001b9   Thumb Code     0  libinit2.o(.ARM.Collect$$libinit$$00000013)
    __rt_lib_init_lc_monetary_1              0x080001b9   Thumb Code     0  libinit2.o(.ARM.Collect$$libinit$$00000015)
    __rt_lib_init_lc_numeric_1               0x080001b9   Thumb Code     0  libinit2.o(.ARM.Collect$$libinit$$00000017)
    __rt_lib_init_lc_time_1                  0x080001b9   Thumb Code     0  libinit2.o(.ARM.Collect$$libinit$$00000019)
    __rt_lib_init_preinit_1                  0x080001b9   Thumb Code     0  libinit2.o(.ARM.Collect$$libinit$$00000004)
    __rt_lib_init_rand_1                     0x080001b9   Thumb Code     0  libinit2.o(.ARM.Collect$$libinit$$0000000E)
    __rt_lib_init_return                     0x080001b9   Thumb Code     0  libinit2.o(.ARM.Collect$$libinit$$00000033)
    __rt_lib_init_signal_1                   0x080001b9   Thumb Code     0  libinit2.o(.ARM.Collect$$libinit$$0000001D)
    __rt_lib_init_stdio_1                    0x080001b9   Thumb Code     0  libinit2.o(.ARM.Collect$$libinit$$00000025)
    __rt_lib_init_user_alloc_1               0x080001b9   Thumb Code     0  libinit2.o(.ARM.Collect$$libinit$$0000000C)
    __rt_lib_shutdown                        0x080001bb   Thumb Code     0  libshutdown.o(.ARM.Collect$$libshutdown$$00000000)
    __rt_lib_shutdown_fp_trap_1              0x080001bd   Thumb Code     0  libshutdown2.o(.ARM.Collect$$libshutdown$$00000006)
    __rt_lib_shutdown_heap_1                 0x080001bd   Thumb Code     0  libshutdown2.o(.ARM.Collect$$libshutdown$$0000000E)
    __rt_lib_shutdown_return                 0x080001bd   Thumb Code     0  libshutdown2.o(.ARM.Collect$$libshutdown$$0000000F)
    __rt_lib_shutdown_signal_1               0x080001bd   Thumb Code     0  libshutdown2.o(.ARM.Collect$$libshutdown$$00000009)
    __rt_lib_shutdown_stdio_1                0x080001bd   Thumb Code     0  libshutdown2.o(.ARM.Collect$$libshutdown$$00000003)
    __rt_lib_shutdown_user_alloc_1           0x080001bd   Thumb Code     0  libshutdown2.o(.ARM.Collect$$libshutdown$$0000000B)
    __rt_entry                               0x080001bf   Thumb Code     0  __rtentry.o(.ARM.Collect$$rtentry$$00000000)
    __rt_entry_presh_1                       0x080001bf   Thumb Code     0  __rtentry2.o(.ARM.Collect$$rtentry$$00000002)
    __rt_entry_sh                            0x080001bf   Thumb Code     0  __rtentry4.o(.ARM.Collect$$rtentry$$00000004)
    __rt_entry_li                            0x080001c5   Thumb Code     0  __rtentry2.o(.ARM.Collect$$rtentry$$0000000A)
    __rt_entry_postsh_1                      0x080001c5   Thumb Code     0  __rtentry2.o(.ARM.Collect$$rtentry$$00000009)
    __rt_entry_main                          0x080001c9   Thumb Code     0  __rtentry2.o(.ARM.Collect$$rtentry$$0000000D)
    __rt_entry_postli_1                      0x080001c9   Thumb Code     0  __rtentry2.o(.ARM.Collect$$rtentry$$0000000C)
    __rt_exit                                0x080001d1   Thumb Code     0  rtexit.o(.ARM.Collect$$rtexit$$00000000)
    __rt_exit_ls                             0x080001d3   Thumb Code     0  rtexit2.o(.ARM.Collect$$rtexit$$00000003)
    __rt_exit_prels_1                        0x080001d3   Thumb Code     0  rtexit2.o(.ARM.Collect$$rtexit$$00000002)
    __rt_exit_exit                           0x080001d7   Thumb Code     0  rtexit2.o(.ARM.Collect$$rtexit$$00000004)
    Reset_Handler                            0x080001dd   Thumb Code     8  startup_stm32f10x_md.o(.text)
    ADC1_2_IRQHandler                        0x080001f7   Thumb Code     0  startup_stm32f10x_md.o(.text)
    CAN1_RX1_IRQHandler                      0x080001f7   Thumb Code     0  startup_stm32f10x_md.o(.text)
    CAN1_SCE_IRQHandler                      0x080001f7   Thumb Code     0  startup_stm32f10x_md.o(.text)
    DMA1_Channel1_IRQHandler                 0x080001f7   Thumb Code     0  startup_stm32f10x_md.o(.text)
    DMA1_Channel2_IRQHandler                 0x080001f7   Thumb Code     0  startup_stm32f10x_md.o(.text)
    DMA1_Channel3_IRQHandler                 0x080001f7   Thumb Code     0  startup_stm32f10x_md.o(.text)
    DMA1_Channel4_IRQHandler                 0x080001f7   Thumb Code     0  startup_stm32f10x_md.o(.text)
    DMA1_Channel5_IRQHandler                 0x080001f7   Thumb Code     0  startup_stm32f10x_md.o(.text)
    DMA1_Channel6_IRQHandler                 0x080001f7   Thumb Code     0  startup_stm32f10x_md.o(.text)
    DMA1_Channel7_IRQHandler                 0x080001f7   Thumb Code     0  startup_stm32f10x_md.o(.text)
    EXTI0_IRQHandler                         0x080001f7   Thumb Code     0  startup_stm32f10x_md.o(.text)
    EXTI15_10_IRQHandler                     0x080001f7   Thumb Code     0  startup_stm32f10x_md.o(.text)
    EXTI1_IRQHandler                         0x080001f7   Thumb Code     0  startup_stm32f10x_md.o(.text)
    EXTI2_IRQHandler                         0x080001f7   Thumb Code     0  startup_stm32f10x_md.o(.text)
    EXTI3_IRQHandler                         0x080001f7   Thumb Code     0  startup_stm32f10x_md.o(.text)
    EXTI4_IRQHandler                         0x080001f7   Thumb Code     0  startup_stm32f10x_md.o(.text)
    EXTI9_5_IRQHandler                       0x080001f7   Thumb Code     0  startup_stm32f10x_md.o(.text)
    FLASH_IRQHandler                         0x080001f7   Thumb Code     0  startup_stm32f10x_md.o(.text)
    I2C1_ER_IRQHandler                       0x080001f7   Thumb Code     0  startup_stm32f10x_md.o(.text)
    I2C1_EV_IRQHandler                       0x080001f7   Thumb Code     0  startup_stm32f10x_md.o(.text)
    I2C2_ER_IRQHandler                       0x080001f7   Thumb Code     0  startup_stm32f10x_md.o(.text)
    I2C2_EV_IRQHandler                       0x080001f7   Thumb Code     0  startup_stm32f10x_md.o(.text)
    PVD_IRQHandler                           0x080001f7   Thumb Code     0  startup_stm32f10x_md.o(.text)
    RCC_IRQHandler                           0x080001f7   Thumb Code     0  startup_stm32f10x_md.o(.text)
    RTCAlarm_IRQHandler                      0x080001f7   Thumb Code     0  startup_stm32f10x_md.o(.text)
    RTC_IRQHandler                           0x080001f7   Thumb Code     0  startup_stm32f10x_md.o(.text)
    SPI1_IRQHandler                          0x080001f7   Thumb Code     0  startup_stm32f10x_md.o(.text)
    SPI2_IRQHandler                          0x080001f7   Thumb Code     0  startup_stm32f10x_md.o(.text)
    TAMPER_IRQHandler                        0x080001f7   Thumb Code     0  startup_stm32f10x_md.o(.text)
    TIM1_BRK_IRQHandler                      0x080001f7   Thumb Code     0  startup_stm32f10x_md.o(.text)
    TIM1_CC_IRQHandler                       0x080001f7   Thumb Code     0  startup_stm32f10x_md.o(.text)
    TIM1_TRG_COM_IRQHandler                  0x080001f7   Thumb Code     0  startup_stm32f10x_md.o(.text)
    TIM1_UP_IRQHandler                       0x080001f7   Thumb Code     0  startup_stm32f10x_md.o(.text)
    TIM2_IRQHandler                          0x080001f7   Thumb Code     0  startup_stm32f10x_md.o(.text)
    TIM3_IRQHandler                          0x080001f7   Thumb Code     0  startup_stm32f10x_md.o(.text)
    USART3_IRQHandler                        0x080001f7   Thumb Code     0  startup_stm32f10x_md.o(.text)
    USBWakeUp_IRQHandler                     0x080001f7   Thumb Code     0  startup_stm32f10x_md.o(.text)
    USB_HP_CAN1_TX_IRQHandler                0x080001f7   Thumb Code     0  startup_stm32f10x_md.o(.text)
    WWDG_IRQHandler                          0x080001f7   Thumb Code     0  startup_stm32f10x_md.o(.text)
    __user_initial_stackheap                 0x080001f9   Thumb Code     0  startup_stm32f10x_md.o(.text)
    OS_CPU_SR_Save                           0x0800021d   Thumb Code     0  os_cpu_a.o(.text)
    OS_CPU_SR_Restore                        0x08000225   Thumb Code     0  os_cpu_a.o(.text)
    OSStartHighRdy                           0x0800022b   Thumb Code     0  os_cpu_a.o(.text)
    OSCtxSw                                  0x0800024d   Thumb Code     0  os_cpu_a.o(.text)
    OSIntCtxSw                               0x0800025b   Thumb Code     0  os_cpu_a.o(.text)
    PendSV_Handler                           0x0800026b   Thumb Code     0  os_cpu_a.o(.text)
    __use_no_semihosting                     0x080002d1   Thumb Code     2  use_no_semi_2.o(.text)
    __2printf                                0x080002d5   Thumb Code    20  __2printf.o(.text)
    _printf_pre_padding                      0x080002ed   Thumb Code    44  _printf_pad.o(.text)
    _printf_post_padding                     0x08000319   Thumb Code    34  _printf_pad.o(.text)
    _printf_str                              0x0800033b   Thumb Code    82  _printf_str.o(.text)
    _printf_int_dec                          0x0800038d   Thumb Code   104  _printf_dec.o(.text)
    _printf_longlong_hex                     0x08000405   Thumb Code    86  _printf_hex_int_ll_ptr.o(.text)
    _printf_int_hex                          0x0800045b   Thumb Code    28  _printf_hex_int_ll_ptr.o(.text)
    _printf_ll_hex                           0x08000477   Thumb Code    12  _printf_hex_int_ll_ptr.o(.text)
    _printf_hex_ptr                          0x08000483   Thumb Code    18  _printf_hex_int_ll_ptr.o(.text)
    __printf                                 0x08000499   Thumb Code   388  __printf_flags_ss_wp.o(.text)
    __aeabi_memcpy                           0x08000621   Thumb Code     0  rt_memcpy_v6.o(.text)
    __rt_memcpy                              0x08000621   Thumb Code   138  rt_memcpy_v6.o(.text)
    _memcpy_lastbytes                        0x08000687   Thumb Code     0  rt_memcpy_v6.o(.text)
    __aeabi_memcpy4                          0x080006ab   Thumb Code     0  rt_memcpy_w.o(.text)
    __aeabi_memcpy8                          0x080006ab   Thumb Code     0  rt_memcpy_w.o(.text)
    __rt_memcpy_w                            0x080006ab   Thumb Code   100  rt_memcpy_w.o(.text)
    _memcpy_lastbytes_aligned                0x080006f3   Thumb Code     0  rt_memcpy_w.o(.text)
    __aeabi_memclr                           0x0800070f   Thumb Code     0  rt_memclr.o(.text)
    __rt_memclr                              0x0800070f   Thumb Code    68  rt_memclr.o(.text)
    _memset                                  0x08000713   Thumb Code     0  rt_memclr.o(.text)
    __aeabi_memclr4                          0x08000753   Thumb Code     0  rt_memclr_w.o(.text)
    __aeabi_memclr8                          0x08000753   Thumb Code     0  rt_memclr_w.o(.text)
    __rt_memclr_w                            0x08000753   Thumb Code    78  rt_memclr_w.o(.text)
    _memset_w                                0x08000757   Thumb Code     0  rt_memclr_w.o(.text)
    strcmp                                   0x080007a1   Thumb Code   128  strcmpv7m.o(.text)
    __use_two_region_memory                  0x08000821   Thumb Code     2  heapauxi.o(.text)
    __rt_heap_escrow$2region                 0x08000823   Thumb Code     2  heapauxi.o(.text)
    __rt_heap_expand$2region                 0x08000825   Thumb Code     2  heapauxi.o(.text)
    __I$use$semihosting                      0x08000827   Thumb Code     0  use_no_semi.o(.text)
    __use_no_semihosting_swi                 0x08000827   Thumb Code     2  use_no_semi.o(.text)
    _printf_int_common                       0x08000829   Thumb Code   178  _printf_intcommon.o(.text)
    _printf_char_common                      0x080008e7   Thumb Code    32  _printf_char_common.o(.text)
    _printf_cs_common                        0x0800090d   Thumb Code    20  _printf_char.o(.text)
    _printf_char                             0x08000921   Thumb Code    16  _printf_char.o(.text)
    _printf_string                           0x08000931   Thumb Code     8  _printf_char.o(.text)
    _printf_char_file                        0x08000939   Thumb Code    32  _printf_char_file.o(.text)
    ferror                                   0x0800095d   Thumb Code     8  ferror.o(.text)
    __user_setup_stackheap                   0x08000965   Thumb Code    74  sys_stackheap_outer.o(.text)
    exit                                     0x080009af   Thumb Code    12  exit.o(.text)
    __user_libspace                          0x080009bd   Thumb Code     8  libspace.o(.text)
    __user_perproc_libspace                  0x080009bd   Thumb Code     0  libspace.o(.text)
    __user_perthread_libspace                0x080009bd   Thumb Code     0  libspace.o(.text)
    BusFault_Handler                         0x080009c5   Thumb Code     4  stm32f10x_it.o(i.BusFault_Handler)
    CAN_DeInit                               0x080009c9   Thumb Code    50  stm32f10x_can.o(i.CAN_DeInit)
    CAN_GetLastErrorCode                     0x08000a01   Thumb Code    12  stm32f10x_can.o(i.CAN_GetLastErrorCode)
    CAN_ITConfig                             0x08000a0d   Thumb Code    18  stm32f10x_can.o(i.CAN_ITConfig)
    CAN_Init                                 0x08000a1f   Thumb Code   276  stm32f10x_can.o(i.CAN_Init)
    CAN_Receive                              0x08000b33   Thumb Code   240  stm32f10x_can.o(i.CAN_Receive)
    CAN_StructInit                           0x08000c23   Thumb Code    32  stm32f10x_can.o(i.CAN_StructInit)
    DMA_Cmd                                  0x08000c91   Thumb Code    24  stm32f10x_dma.o(i.DMA_Cmd)
    DMA_DeInit                               0x08000ca9   Thumb Code   324  stm32f10x_dma.o(i.DMA_DeInit)
    DMA_GetCurrDataCounter                   0x08000df5   Thumb Code     8  stm32f10x_dma.o(i.DMA_GetCurrDataCounter)
    DMA_Init                                 0x08000dfd   Thumb Code    60  stm32f10x_dma.o(i.DMA_Init)
    DMA_SetCurrDataCounter                   0x08000e39   Thumb Code     4  stm32f10x_dma.o(i.DMA_SetCurrDataCounter)
    DebugMon_Handler                         0x08000e3d   Thumb Code     2  stm32f10x_it.o(i.DebugMon_Handler)
    GPIO_Init                                0x08000e3f   Thumb Code   278  stm32f10x_gpio.o(i.GPIO_Init)
    GPIO_SetBits                             0x08000f55   Thumb Code     4  stm32f10x_gpio.o(i.GPIO_SetBits)
    HardFault_Handler                        0x08000f59   Thumb Code     4  stm32f10x_it.o(i.HardFault_Handler)
    JZ_QueueGet                              0x0800104d   Thumb Code    76  jzqueue.o(i.JZ_QueueGet)
    JZ_QueueInit                             0x08001099   Thumb Code    56  jzqueue.o(i.JZ_QueueInit)
    JZ_QueuePut                              0x080010d1   Thumb Code    92  jzqueue.o(i.JZ_QueuePut)
    JzAppMainInit                            0x08001135   Thumb Code    62  jzappmain.o(i.JzAppMainInit)
    JzCanDisable                             0x080011a1   Thumb Code    16  systermdefine.o(i.JzCanDisable)
    JzCanEnable                              0x080011bd   Thumb Code    16  systermdefine.o(i.JzCanEnable)
    JzGetCanErrorCode                        0x080011d9   Thumb Code     8  systermdefine.o(i.JzGetCanErrorCode)
    JzLedOff                                 0x080011e1   Thumb Code    10  systermdefine.o(i.JzLedOff)
    JzLedOn                                  0x080011eb   Thumb Code    10  systermdefine.o(i.JzLedOn)
    JzMutexInit                              0x080011f5   Thumb Code    30  systermdefine.o(i.JzMutexInit)
    JzMutexLock                              0x08001213   Thumb Code    20  systermdefine.o(i.JzMutexLock)
    JzMutexUnlock                            0x08001227   Thumb Code    12  systermdefine.o(i.JzMutexUnlock)
    JzSemCreate                              0x08001233   Thumb Code    40  systermdefine.o(i.JzSemCreate)
    JzSemPost                                0x0800125b   Thumb Code    14  systermdefine.o(i.JzSemPost)
    JzSemWartfor                             0x08001269   Thumb Code    22  systermdefine.o(i.JzSemWartfor)
    JzSystemSetCanReadCallBack               0x08001281   Thumb Code    10  systermdefine.o(i.JzSystemSetCanReadCallBack)
    JzSystemSetUartReadCallBack              0x08001291   Thumb Code    10  systermdefine.o(i.JzSystemSetUartReadCallBack)
    JzThreadCreate                           0x080012a1   Thumb Code    74  systermdefine.o(i.JzThreadCreate)
    JzThreadExit                             0x080012eb   Thumb Code     4  systermdefine.o(i.JzThreadExit)
    JzUartWrite                              0x080012ef   Thumb Code    18  systermdefine.o(i.JzUartWrite)
    Jz_Can2Uart                              0x08001301   Thumb Code    80  jzuartcan.o(i.Jz_Can2Uart)
    Jz_CanParse_Init                         0x08001351   Thumb Code    58  jzcanparse.o(i.Jz_CanParse_Init)
    Jz_CanParse_SendFrame                    0x080013c5   Thumb Code    20  jzcanparse.o(i.Jz_CanParse_SendFrame)
    Jz_CanParse_SetCallBack                  0x080013e1   Thumb Code    10  jzcanparse.o(i.Jz_CanParse_SetCallBack)
    Jz_CanRead_Init                          0x08001469   Thumb Code    72  jzcanread.o(i.Jz_CanRead_Init)
    Jz_CanRead_ResetCan                      0x080014e5   Thumb Code    32  jzcanread.o(i.Jz_CanRead_ResetCan)
    Jz_CanRead_Resume                        0x08001505   Thumb Code    22  jzcanread.o(i.Jz_CanRead_Resume)
    Jz_CanRead_SendFrame                     0x08001521   Thumb Code    42  jzcanread.o(i.Jz_CanRead_SendFrame)
    Jz_CanRead_SetCallBack                   0x0800158d   Thumb Code    10  jzcanread.o(i.Jz_CanRead_SetCallBack)
    Jz_CanRead_Suspend                       0x0800159d   Thumb Code    24  jzcanread.o(i.Jz_CanRead_Suspend)
    Jz_J1939_GetCarInfomation                0x08001659   Thumb Code   106  jzj1939.o(i.Jz_J1939_GetCarInfomation)
    Jz_J1939_Parse                           0x080016f1   Thumb Code   144  jzj1939.o(i.Jz_J1939_Parse)
    Jz_ParamGetBaudrate                      0x08001781   Thumb Code     6  jzparam.o(i.Jz_ParamGetBaudrate)
    Jz_ParamGetResetFilter                   0x0800178d   Thumb Code   108  jzparam.o(i.Jz_ParamGetResetFilter)
    Jz_ParamSetBaudrate                      0x08001801   Thumb Code    24  jzparam.o(i.Jz_ParamSetBaudrate)
    Jz_ParamSetResetFilter                   0x0800181d   Thumb Code    54  jzparam.o(i.Jz_ParamSetResetFilter)
    Jz_ParseUser_DetectSUM                   0x08001859   Thumb Code    54  jzparseuser.o(i.Jz_ParseUser_DetectSUM)
    Jz_ParseUser_DetectSync                  0x080018a9   Thumb Code    22  jzparseuser.o(i.Jz_ParseUser_DetectSync)
    Jz_ParseUser_DetectvaildMsgtype          0x080018bf   Thumb Code    40  jzparseuser.o(i.Jz_ParseUser_DetectvaildMsgtype)
    Jz_ParseUser_Process                     0x080018e7   Thumb Code   112  jzparseuser.o(i.Jz_ParseUser_Process)
    Jz_Periphral_Can_GPIOConfig              0x08001959   Thumb Code    70  jz_peripheral_can.o(i.Jz_Periphral_Can_GPIOConfig)
    Jz_Periphral_Can_GetErrorCode            0x080019a5   Thumb Code    16  jz_peripheral_can.o(i.Jz_Periphral_Can_GetErrorCode)
    Jz_Periphral_Can_Init                    0x080019b9   Thumb Code   128  jz_peripheral_can.o(i.Jz_Periphral_Can_Init)
    Jz_Periphral_Can_NVICConfiguration       0x08001a7d   Thumb Code    52  jz_peripheral_can.o(i.Jz_Periphral_Can_NVICConfiguration)
    Jz_Periphral_Can_NVICDisabled            0x08001ab9   Thumb Code    54  jz_peripheral_can.o(i.Jz_Periphral_Can_NVICDisabled)
    Jz_Periphral_Can_NVICEnabled             0x08001af9   Thumb Code    54  jz_peripheral_can.o(i.Jz_Periphral_Can_NVICEnabled)
    Jz_Periphral_Init                        0x08001b39   Thumb Code    96  jzperipherals.o(i.Jz_Periphral_Init)
    Jz_Periphral_LED_Init                    0x08001b99   Thumb Code   118  jz_peripheral_led.o(i.Jz_Periphral_LED_Init)
    Jz_Periphral_LED_Off                     0x08001c1d   Thumb Code    20  jz_peripheral_led.o(i.Jz_Periphral_LED_Off)
    Jz_Periphral_LED_On                      0x08001c3d   Thumb Code    22  jz_peripheral_led.o(i.Jz_Periphral_LED_On)
    Jz_Periphral_TIM4_Init                   0x08001c61   Thumb Code    92  jz_peripheral_uart.o(i.Jz_Periphral_TIM4_Init)
    Jz_Periphral_TIM4_Set                    0x08001cc1   Thumb Code    34  jz_peripheral_uart.o(i.Jz_Periphral_TIM4_Set)
    Jz_Periphral_UART_DMA_Config             0x08001ce9   Thumb Code    72  jz_peripheral_uart.o(i.Jz_Periphral_UART_DMA_Config)
    Jz_Periphral_UART_DMA_Enable             0x08001d31   Thumb Code    32  jz_peripheral_uart.o(i.Jz_Periphral_UART_DMA_Enable)
    Jz_Periphral_UART_SEND_DATA              0x08001d51   Thumb Code    38  jz_peripheral_uart.o(i.Jz_Periphral_UART_SEND_DATA)
    Jz_Periphral_USART2_Init                 0x08001d81   Thumb Code   194  jz_peripheral_uart.o(i.Jz_Periphral_USART2_Init)
    Jz_Ringbuffer_AddBufferHearaddr          0x08001e59   Thumb Code    46  jzringbuffer.o(i.Jz_Ringbuffer_AddBufferHearaddr)
    Jz_Ringbuffer_GetbufferHeardata          0x08001e89   Thumb Code   134  jzringbuffer.o(i.Jz_Ringbuffer_GetbufferHeardata)
    Jz_Ringbuffer_Init                       0x08001f41   Thumb Code    48  jzringbuffer.o(i.Jz_Ringbuffer_Init)
    Jz_Ringbuffer_PutDataToBuffer            0x08001f91   Thumb Code   174  jzringbuffer.o(i.Jz_Ringbuffer_PutDataToBuffer)
    Jz_SystermGetMutexAttrByName             0x08002085   Thumb Code    76  jzthreadinfo.o(i.Jz_SystermGetMutexAttrByName)
    Jz_SystermGetThreadInfoByName            0x08002109   Thumb Code   198  jzthreadinfo.o(i.Jz_SystermGetThreadInfoByName)
    Jz_UartParse_Init                        0x08002245   Thumb Code    60  jzuartparse.o(i.Jz_UartParse_Init)
    Jz_UartParse_SendFrame                   0x080022b9   Thumb Code    24  jzuartparse.o(i.Jz_UartParse_SendFrame)
    Jz_UartRead_Init                         0x080023a5   Thumb Code    66  jzuartread.o(i.Jz_UartRead_Init)
    Jz_UartRead_SendFrame                    0x08002419   Thumb Code    48  jzuartread.o(i.Jz_UartRead_SendFrame)
    Jz_UartRead_SetCallBack                  0x0800248d   Thumb Code    10  jzuartread.o(i.Jz_UartRead_SetCallBack)
    Jz_UartSend_Init                         0x0800254d   Thumb Code    64  jzuartsend.o(i.Jz_UartSend_Init)
    Jz_UartSend_SendFrame                    0x080025c9   Thumb Code    20  jzuartsend.o(i.Jz_UartSend_SendFrame)
    MemManage_Handler                        0x08002689   Thumb Code     4  stm32f10x_it.o(i.MemManage_Handler)
    NMI_Handler                              0x080026b5   Thumb Code     2  stm32f10x_it.o(i.NMI_Handler)
    NVIC_Init                                0x080026b9   Thumb Code   100  misc.o(i.NVIC_Init)
    NVIC_PriorityGroupConfig                 0x08002729   Thumb Code    10  misc.o(i.NVIC_PriorityGroupConfig)
    NVIC_SetVectorTable                      0x0800273d   Thumb Code    12  misc.o(i.NVIC_SetVectorTable)
    OSInit                                   0x08002751   Thumb Code    48  os_core.o(i.OSInit)
    OSInitHookBegin                          0x08002781   Thumb Code     8  os_cpu_c.o(i.OSInitHookBegin)
    OSInitHookEnd                            0x0800278d   Thumb Code     2  os_cpu_c.o(i.OSInitHookEnd)
    OSIntEnter                               0x08002791   Thumb Code    28  os_core.o(i.OSIntEnter)
    OSIntExit                                0x080027b5   Thumb Code   112  os_core.o(i.OSIntExit)
    OSMutexCreate                            0x08002845   Thumb Code   134  os_mutex.o(i.OSMutexCreate)
    OSMutexPend                              0x080028d9   Thumb Code   542  os_mutex.o(i.OSMutexPend)
    OSMutexPost                              0x08002b11   Thumb Code   186  os_mutex.o(i.OSMutexPost)
    OSSchedLock                              0x08002c5d   Thumb Code    50  os_core.o(i.OSSchedLock)
    OSSchedUnlock                            0x08002c9d   Thumb Code    82  os_core.o(i.OSSchedUnlock)
    OSSemCreate                              0x08002cfd   Thumb Code    68  os_sem.o(i.OSSemCreate)
    OSSemPend                                0x08002d49   Thumb Code   222  os_sem.o(i.OSSemPend)
    OSSemPost                                0x08002e35   Thumb Code    88  os_sem.o(i.OSSemPost)
    OSStart                                  0x08002e8d   Thumb Code    48  os_core.o(i.OSStart)
    OSTCBInitHook                            0x08002ed5   Thumb Code     2  os_cpu_c.o(i.OSTCBInitHook)
    OSTaskCreateExt                          0x08002ed9   Thumb Code   170  os_task.o(i.OSTaskCreateExt)
    OSTaskCreateHook                         0x08002f91   Thumb Code     2  os_cpu_c.o(i.OSTaskCreateHook)
    OSTaskIdleHook                           0x08002f93   Thumb Code     2  os_cpu_c.o(i.OSTaskIdleHook)
    OSTaskNameSet                            0x08002f95   Thumb Code    98  os_task.o(i.OSTaskNameSet)
    OSTaskStatHook                           0x08003005   Thumb Code     2  os_cpu_c.o(i.OSTaskStatHook)
    OSTaskStkChk                             0x08003009   Thumb Code   132  os_task.o(i.OSTaskStkChk)
    OSTaskStkInit                            0x08003095   Thumb Code   154  os_cpu_c.o(i.OSTaskStkInit)
    OSTaskSuspend                            0x08003131   Thumb Code   152  os_task.o(i.OSTaskSuspend)
    OSTaskSwHook                             0x080031d9   Thumb Code     2  os_cpu_c.o(i.OSTaskSwHook)
    OSTimeDly                                0x080031dd   Thumb Code   100  os_time.o(i.OSTimeDly)
    OSTimeDlyHMSM                            0x08003255   Thumb Code    86  os_time.o(i.OSTimeDlyHMSM)
    OSTimeTick                               0x080032b5   Thumb Code   210  os_core.o(i.OSTimeTick)
    OSTimeTickHook                           0x080033a1   Thumb Code    30  os_cpu_c.o(i.OSTimeTickHook)
    OSTmrSignal                              0x080033c5   Thumb Code    16  os_tmr.o(i.OSTmrSignal)
    OSTmr_Init                               0x080033d9   Thumb Code   148  os_tmr.o(i.OSTmr_Init)
    OS_EventTaskRdy                          0x08003611   Thumb Code   114  os_core.o(i.OS_EventTaskRdy)
    OS_EventTaskRemove                       0x08003695   Thumb Code    42  os_core.o(i.OS_EventTaskRemove)
    OS_EventTaskWait                         0x080036c1   Thumb Code   112  os_core.o(i.OS_EventTaskWait)
    OS_EventWaitListInit                     0x0800373d   Thumb Code    28  os_core.o(i.OS_EventWaitListInit)
    OS_FlagInit                              0x08003759   Thumb Code    74  os_flag.o(i.OS_FlagInit)
    OS_MemClr                                0x080039bd   Thumb Code    18  os_core.o(i.OS_MemClr)
    OS_QInit                                 0x080039d1   Thumb Code    72  os_q.o(i.OS_QInit)
    OS_Sched                                 0x08003a21   Thumb Code    88  os_core.o(i.OS_Sched)
    OS_TCBInit                               0x08003ac1   Thumb Code   278  os_core.o(i.OS_TCBInit)
    OS_TaskIdle                              0x08003bf5   Thumb Code    34  os_core.o(i.OS_TaskIdle)
    OS_TaskStat                              0x08003c1d   Thumb Code   116  os_core.o(i.OS_TaskStat)
    OS_TaskStatStkChk                        0x08003ca5   Thumb Code    54  os_core.o(i.OS_TaskStatStkChk)
    OS_TaskStkClr                            0x08003ce1   Thumb Code    26  os_task.o(i.OS_TaskStkClr)
    RCC_AHBPeriphClockCmd                    0x08003cfd   Thumb Code    26  stm32f10x_rcc.o(i.RCC_AHBPeriphClockCmd)
    RCC_APB1PeriphClockCmd                   0x08003d1d   Thumb Code    26  stm32f10x_rcc.o(i.RCC_APB1PeriphClockCmd)
    RCC_APB1PeriphResetCmd                   0x08003d3d   Thumb Code    26  stm32f10x_rcc.o(i.RCC_APB1PeriphResetCmd)
    RCC_APB2PeriphClockCmd                   0x08003d5d   Thumb Code    26  stm32f10x_rcc.o(i.RCC_APB2PeriphClockCmd)
    RCC_APB2PeriphResetCmd                   0x08003d7d   Thumb Code    26  stm32f10x_rcc.o(i.RCC_APB2PeriphResetCmd)
    RCC_GetClocksFreq                        0x08003d9d   Thumb Code   192  stm32f10x_rcc.o(i.RCC_GetClocksFreq)
    SVC_Handler                              0x08003e71   Thumb Code     2  stm32f10x_it.o(i.SVC_Handler)
    SysTick_CLKSourceConfig                  0x08003f5d   Thumb Code    40  misc.o(i.SysTick_CLKSourceConfig)
    SysTick_Handler                          0x08003f85   Thumb Code    24  delay.o(i.SysTick_Handler)
    SystemInit                               0x08003fa1   Thumb Code    78  system_stm32f10x.o(i.SystemInit)
    TIM4_IRQHandler                          0x08004001   Thumb Code    68  jz_peripheral_uart.o(i.TIM4_IRQHandler)
    TIM_ClearITPendingBit                    0x08004055   Thumb Code     6  stm32f10x_tim.o(i.TIM_ClearITPendingBit)
    TIM_Cmd                                  0x0800405b   Thumb Code    24  stm32f10x_tim.o(i.TIM_Cmd)
    TIM_GetITStatus                          0x08004073   Thumb Code    34  stm32f10x_tim.o(i.TIM_GetITStatus)
    TIM_ITConfig                             0x08004095   Thumb Code    18  stm32f10x_tim.o(i.TIM_ITConfig)
    TIM_SetCounter                           0x080040a7   Thumb Code     4  stm32f10x_tim.o(i.TIM_SetCounter)
    TIM_TimeBaseInit                         0x080040ad   Thumb Code   122  stm32f10x_tim.o(i.TIM_TimeBaseInit)
    UART_Init                                0x08004151   Thumb Code   154  usart.o(i.UART_Init)
    USART1_IRQHandler                        0x080041f5   Thumb Code   130  usart.o(i.USART1_IRQHandler)
    USART2_IRQHandler                        0x08004285   Thumb Code    82  jz_peripheral_uart.o(i.USART2_IRQHandler)
    USART_Cmd                                0x080042e9   Thumb Code    24  stm32f10x_usart.o(i.USART_Cmd)
    USART_DMACmd                             0x08004301   Thumb Code    18  stm32f10x_usart.o(i.USART_DMACmd)
    USART_DeInit                             0x08004315   Thumb Code   134  stm32f10x_usart.o(i.USART_DeInit)
    USART_GetITStatus                        0x080043b1   Thumb Code    84  stm32f10x_usart.o(i.USART_GetITStatus)
    USART_ITConfig                           0x08004405   Thumb Code    74  stm32f10x_usart.o(i.USART_ITConfig)
    USART_Init                               0x08004451   Thumb Code   210  stm32f10x_usart.o(i.USART_Init)
    USART_ReceiveData                        0x08004529   Thumb Code    10  stm32f10x_usart.o(i.USART_ReceiveData)
    USB_LP_CAN1_RX0_IRQHandler               0x08004535   Thumb Code    46  jz_peripheral_can.o(i.USB_LP_CAN1_RX0_IRQHandler)
    UsageFault_Handler                       0x0800456d   Thumb Code     4  stm32f10x_it.o(i.UsageFault_Handler)
    _is_digit                                0x08004571   Thumb Code    14  __printf_wp.o(i._is_digit)
    _sys_exit                                0x0800457f   Thumb Code     4  usart.o(i._sys_exit)
    delay_init                               0x08004585   Thumb Code    76  delay.o(i.delay_init)
    fputc                                    0x080045e1   Thumb Code    24  usart.o(i.fputc)
    main                                     0x080045fd   Thumb Code    70  main.o(i.main)
    start_task                               0x0800464d   Thumb Code   240  main.o(i.start_task)
    OSUnMapTbl                               0x080048fd   Data         256  os_core.o(.constdata)
    Region$$Table$$Base                      0x08004a38   Number         0  anon$$obj.o(Region$$Table)
    Region$$Table$$Limit                     0x08004a58   Number         0  anon$$obj.o(Region$$Table)
    g_SystemCanReadCallBackFunc              0x20000164   Data           4  jz_peripheral_can.o(.data)
    USART2_RX_STA                            0x20000168   Data           2  jz_peripheral_uart.o(.data)
    g_SystemUartReadCallBackFunc             0x2000016c   Data           4  jz_peripheral_uart.o(.data)
    SystemCoreClock                          0x20000170   Data           4  system_stm32f10x.o(.data)
    AHBPrescTable                            0x20000174   Data          16  system_stm32f10x.o(.data)
    OSCtxSwCtr                               0x20000184   Data           4  os_core.o(.data)
    OSEventFreeList                          0x20000188   Data           4  os_core.o(.data)
    OSFlagFreeList                           0x2000018c   Data           4  os_core.o(.data)
    OSCPUUsage                               0x20000190   Data           1  os_core.o(.data)
    OSIdleCtrMax                             0x20000194   Data           4  os_core.o(.data)
    OSIdleCtrRun                             0x20000198   Data           4  os_core.o(.data)
    OSStatRdy                                0x2000019c   Data           1  os_core.o(.data)
    OSIntNesting                             0x2000019d   Data           1  os_core.o(.data)
    OSLockNesting                            0x2000019e   Data           1  os_core.o(.data)
    OSPrioCur                                0x2000019f   Data           1  os_core.o(.data)
    OSPrioHighRdy                            0x200001a0   Data           1  os_core.o(.data)
    OSRdyGrp                                 0x200001a1   Data           1  os_core.o(.data)
    OSRdyTbl                                 0x200001a2   Data           8  os_core.o(.data)
    OSRunning                                0x200001aa   Data           1  os_core.o(.data)
    OSTaskCtr                                0x200001ab   Data           1  os_core.o(.data)
    OSIdleCtr                                0x200001ac   Data           4  os_core.o(.data)
    OSTCBCur                                 0x200001b0   Data           4  os_core.o(.data)
    OSTCBFreeList                            0x200001b4   Data           4  os_core.o(.data)
    OSTCBHighRdy                             0x200001b8   Data           4  os_core.o(.data)
    OSTCBList                                0x200001bc   Data           4  os_core.o(.data)
    OSTickStepState                          0x200001c0   Data           1  os_core.o(.data)
    OSQFreeList                              0x200001c4   Data           4  os_core.o(.data)
    OSTime                                   0x200001c8   Data           4  os_core.o(.data)
    OSTmrFree                                0x200001cc   Data           2  os_core.o(.data)
    OSTmrUsed                                0x200001ce   Data           2  os_core.o(.data)
    OSTmrTime                                0x200001d0   Data           4  os_core.o(.data)
    OSTmrSem                                 0x200001d4   Data           4  os_core.o(.data)
    OSTmrSemSignal                           0x200001d8   Data           4  os_core.o(.data)
    OSTmrFreeList                            0x200001dc   Data           4  os_core.o(.data)
    OSInterrputSum                           0x200001e0   Data           4  os_cpu_c.o(.data)
    __stdout                                 0x20000200   Data           4  usart.o(.data)
    USART_RX_STA                             0x20000204   Data           2  usart.o(.data)
    USART2_TX_BUF                            0x200012e8   Data         200  jz_peripheral_uart.o(.bss)
    USART2_RX_BUF                            0x200013b0   Data         200  jz_peripheral_uart.o(.bss)
    OSEventTbl                               0x20001478   Data         260  os_core.o(.bss)
    OSFlagTbl                                0x2000157c   Data          80  os_core.o(.bss)
    OSTaskStatStk                            0x200015cc   Data         512  os_core.o(.bss)
    OSTaskIdleStk                            0x200017cc   Data         512  os_core.o(.bss)
    OSTCBPrioTbl                             0x200019cc   Data         256  os_core.o(.bss)
    OSTCBTbl                                 0x20001acc   Data        1008  os_core.o(.bss)
    OSQTbl                                   0x20001ebc   Data         120  os_core.o(.bss)
    OSTmrTbl                                 0x20001f34   Data         640  os_core.o(.bss)
    OSTmrTaskStk                             0x200021b4   Data         512  os_core.o(.bss)
    OSTmrWheelTbl                            0x200023b4   Data          64  os_core.o(.bss)
    USART_RX_BUF                             0x200023f4   Data         200  usart.o(.bss)
    START_TASK_STK                           0x200024bc   Data         256  main.o(.bss)
    __libspace_start                         0x200025bc   Data          96  libspace.o(.bss)
    __temporary_stack_top$libspace           0x2000261c   Data           0  libspace.o(.bss)



==============================================================================

Memory Map of the image

  Image Entry point : 0x080001dd

  Load Region LR_1 (Base: 0x08000000, Size: 0x00004c60, Max: 0xffffffff, ABSOLUTE, COMPRESSED[0x00004aac])

    Execution Region ER_RO (Base: 0x08000000, Size: 0x00004a58, Max: 0xffffffff, ABSOLUTE)

    Base Addr    Size         Type   Attr      Idx    E Section Name        Object

    0x08000000   0x000000ec   Data   RO          279    RESET               startup_stm32f10x_md.o
    0x080000ec   0x00000008   Code   RO          824  * !!!main             c_w.l(__main.o)
    0x080000f4   0x00000034   Code   RO         1019    !!!scatter          c_w.l(__scatter.o)
    0x08000128   0x0000005a   Code   RO         1018    !!dczerorl2         c_w.l(__dczerorl2.o)
    0x08000182   0x00000002   PAD
    0x08000184   0x0000001c   Code   RO         1020    !!handler_zi        c_w.l(__scatter_zi.o)
    0x080001a0   0x00000000   Code   RO          816    .ARM.Collect$$_printf_percent$$00000000  c_w.l(_printf_percent.o)
    0x080001a0   0x00000006   Code   RO          815    .ARM.Collect$$_printf_percent$$00000009  c_w.l(_printf_d.o)
    0x080001a6   0x00000006   Code   RO          814    .ARM.Collect$$_printf_percent$$0000000C  c_w.l(_printf_x.o)
    0x080001ac   0x00000006   Code   RO          813    .ARM.Collect$$_printf_percent$$00000014  c_w.l(_printf_s.o)
    0x080001b2   0x00000004   Code   RO          850    .ARM.Collect$$_printf_percent$$00000017  c_w.l(_printf_percent_end.o)
    0x080001b6   0x00000002   Code   RO          913    .ARM.Collect$$libinit$$00000000  c_w.l(libinit.o)
    0x080001b8   0x00000000   Code   RO          924    .ARM.Collect$$libinit$$00000002  c_w.l(libinit2.o)
    0x080001b8   0x00000000   Code   RO          926    .ARM.Collect$$libinit$$00000004  c_w.l(libinit2.o)
    0x080001b8   0x00000000   Code   RO          929    .ARM.Collect$$libinit$$0000000A  c_w.l(libinit2.o)
    0x080001b8   0x00000000   Code   RO          931    .ARM.Collect$$libinit$$0000000C  c_w.l(libinit2.o)
    0x080001b8   0x00000000   Code   RO          933    .ARM.Collect$$libinit$$0000000E  c_w.l(libinit2.o)
    0x080001b8   0x00000000   Code   RO          936    .ARM.Collect$$libinit$$00000011  c_w.l(libinit2.o)
    0x080001b8   0x00000000   Code   RO          938    .ARM.Collect$$libinit$$00000013  c_w.l(libinit2.o)
    0x080001b8   0x00000000   Code   RO          940    .ARM.Collect$$libinit$$00000015  c_w.l(libinit2.o)
    0x080001b8   0x00000000   Code   RO          942    .ARM.Collect$$libinit$$00000017  c_w.l(libinit2.o)
    0x080001b8   0x00000000   Code   RO          944    .ARM.Collect$$libinit$$00000019  c_w.l(libinit2.o)
    0x080001b8   0x00000000   Code   RO          946    .ARM.Collect$$libinit$$0000001B  c_w.l(libinit2.o)
    0x080001b8   0x00000000   Code   RO          948    .ARM.Collect$$libinit$$0000001D  c_w.l(libinit2.o)
    0x080001b8   0x00000000   Code   RO          950    .ARM.Collect$$libinit$$0000001F  c_w.l(libinit2.o)
    0x080001b8   0x00000000   Code   RO          952    .ARM.Collect$$libinit$$00000021  c_w.l(libinit2.o)
    0x080001b8   0x00000000   Code   RO          954    .ARM.Collect$$libinit$$00000023  c_w.l(libinit2.o)
    0x080001b8   0x00000000   Code   RO          956    .ARM.Collect$$libinit$$00000025  c_w.l(libinit2.o)
    0x080001b8   0x00000000   Code   RO          960    .ARM.Collect$$libinit$$0000002C  c_w.l(libinit2.o)
    0x080001b8   0x00000000   Code   RO          962    .ARM.Collect$$libinit$$0000002E  c_w.l(libinit2.o)
    0x080001b8   0x00000000   Code   RO          964    .ARM.Collect$$libinit$$00000030  c_w.l(libinit2.o)
    0x080001b8   0x00000000   Code   RO          966    .ARM.Collect$$libinit$$00000032  c_w.l(libinit2.o)
    0x080001b8   0x00000002   Code   RO          967    .ARM.Collect$$libinit$$00000033  c_w.l(libinit2.o)
    0x080001ba   0x00000002   Code   RO          980    .ARM.Collect$$libshutdown$$00000000  c_w.l(libshutdown.o)
    0x080001bc   0x00000000   Code   RO          987    .ARM.Collect$$libshutdown$$00000003  c_w.l(libshutdown2.o)
    0x080001bc   0x00000000   Code   RO          990    .ARM.Collect$$libshutdown$$00000006  c_w.l(libshutdown2.o)
    0x080001bc   0x00000000   Code   RO          993    .ARM.Collect$$libshutdown$$00000009  c_w.l(libshutdown2.o)
    0x080001bc   0x00000000   Code   RO          995    .ARM.Collect$$libshutdown$$0000000B  c_w.l(libshutdown2.o)
    0x080001bc   0x00000000   Code   RO          998    .ARM.Collect$$libshutdown$$0000000E  c_w.l(libshutdown2.o)
    0x080001bc   0x00000002   Code   RO          999    .ARM.Collect$$libshutdown$$0000000F  c_w.l(libshutdown2.o)
    0x080001be   0x00000000   Code   RO          826    .ARM.Collect$$rtentry$$00000000  c_w.l(__rtentry.o)
    0x080001be   0x00000000   Code   RO          865    .ARM.Collect$$rtentry$$00000002  c_w.l(__rtentry2.o)
    0x080001be   0x00000006   Code   RO          877    .ARM.Collect$$rtentry$$00000004  c_w.l(__rtentry4.o)
    0x080001c4   0x00000000   Code   RO          867    .ARM.Collect$$rtentry$$00000009  c_w.l(__rtentry2.o)
    0x080001c4   0x00000004   Code   RO          868    .ARM.Collect$$rtentry$$0000000A  c_w.l(__rtentry2.o)
    0x080001c8   0x00000000   Code   RO          870    .ARM.Collect$$rtentry$$0000000C  c_w.l(__rtentry2.o)
    0x080001c8   0x00000008   Code   RO          871    .ARM.Collect$$rtentry$$0000000D  c_w.l(__rtentry2.o)
    0x080001d0   0x00000002   Code   RO          919    .ARM.Collect$$rtexit$$00000000  c_w.l(rtexit.o)
    0x080001d2   0x00000000   Code   RO          969    .ARM.Collect$$rtexit$$00000002  c_w.l(rtexit2.o)
    0x080001d2   0x00000004   Code   RO          970    .ARM.Collect$$rtexit$$00000003  c_w.l(rtexit2.o)
    0x080001d6   0x00000006   Code   RO          971    .ARM.Collect$$rtexit$$00000004  c_w.l(rtexit2.o)
    0x080001dc   0x00000040   Code   RO          280  * .text               startup_stm32f10x_md.o
    0x0800021c   0x000000b4   Code   RO          281    .text               os_cpu_a.o
    0x080002d0   0x00000002   Code   RO          778    .text               c_w.l(use_no_semi_2.o)
    0x080002d2   0x00000002   PAD
    0x080002d4   0x00000018   Code   RO          780    .text               c_w.l(__2printf.o)
    0x080002ec   0x0000004e   Code   RO          783    .text               c_w.l(_printf_pad.o)
    0x0800033a   0x00000052   Code   RO          784    .text               c_w.l(_printf_str.o)
    0x0800038c   0x00000078   Code   RO          785    .text               c_w.l(_printf_dec.o)
    0x08000404   0x00000094   Code   RO          798    .text               c_w.l(_printf_hex_int_ll_ptr.o)
    0x08000498   0x00000188   Code   RO          811    .text               c_w.l(__printf_flags_ss_wp.o)
    0x08000620   0x0000008a   Code   RO          818    .text               c_w.l(rt_memcpy_v6.o)
    0x080006aa   0x00000064   Code   RO          819    .text               c_w.l(rt_memcpy_w.o)
    0x0800070e   0x00000044   Code   RO          820    .text               c_w.l(rt_memclr.o)
    0x08000752   0x0000004e   Code   RO          821    .text               c_w.l(rt_memclr_w.o)
    0x080007a0   0x00000080   Code   RO          822    .text               c_w.l(strcmpv7m.o)
    0x08000820   0x00000006   Code   RO          823    .text               c_w.l(heapauxi.o)
    0x08000826   0x00000002   Code   RO          825    .text               c_w.l(use_no_semi.o)
    0x08000828   0x000000b2   Code   RO          828    .text               c_w.l(_printf_intcommon.o)
    0x080008da   0x00000002   PAD
    0x080008dc   0x00000030   Code   RO          830    .text               c_w.l(_printf_char_common.o)
    0x0800090c   0x0000002c   Code   RO          832    .text               c_w.l(_printf_char.o)
    0x08000938   0x00000024   Code   RO          833    .text               c_w.l(_printf_char_file.o)
    0x0800095c   0x00000008   Code   RO          885    .text               c_w.l(ferror.o)
    0x08000964   0x0000004a   Code   RO          888    .text               c_w.l(sys_stackheap_outer.o)
    0x080009ae   0x0000000c   Code   RO          909    .text               c_w.l(exit.o)
    0x080009ba   0x00000002   PAD
    0x080009bc   0x00000008   Code   RO          917    .text               c_w.l(libspace.o)
    0x080009c4   0x00000004   Code   RO          138    i.BusFault_Handler  stm32f10x_it.o
    0x080009c8   0x00000038   Code   RO          553    i.CAN_DeInit        stm32f10x_can.o
    0x08000a00   0x0000000c   Code   RO          559    i.CAN_GetLastErrorCode  stm32f10x_can.o
    0x08000a0c   0x00000012   Code   RO          561    i.CAN_ITConfig      stm32f10x_can.o
    0x08000a1e   0x00000114   Code   RO          562    i.CAN_Init          stm32f10x_can.o
    0x08000b32   0x000000f0   Code   RO          565    i.CAN_Receive       stm32f10x_can.o
    0x08000c22   0x00000020   Code   RO          568    i.CAN_StructInit    stm32f10x_can.o
    0x08000c42   0x0000001a   Code   RO           20    i.CheckSum          jzj1939.o
    0x08000c5c   0x0000001a   Code   RO           42    i.CheckSum          jzparseuser.o
    0x08000c76   0x0000001a   Code   RO           66    i.CheckSum          jzuartcan.o
    0x08000c90   0x00000018   Code   RO          505    i.DMA_Cmd           stm32f10x_dma.o
    0x08000ca8   0x0000014c   Code   RO          506    i.DMA_DeInit        stm32f10x_dma.o
    0x08000df4   0x00000008   Code   RO          507    i.DMA_GetCurrDataCounter  stm32f10x_dma.o
    0x08000dfc   0x0000003c   Code   RO          511    i.DMA_Init          stm32f10x_dma.o
    0x08000e38   0x00000004   Code   RO          512    i.DMA_SetCurrDataCounter  stm32f10x_dma.o
    0x08000e3c   0x00000002   Code   RO          139    i.DebugMon_Handler  stm32f10x_it.o
    0x08000e3e   0x00000116   Code   RO          436    i.GPIO_Init         stm32f10x_gpio.o
    0x08000f54   0x00000004   Code   RO          444    i.GPIO_SetBits      stm32f10x_gpio.o
    0x08000f58   0x00000004   Code   RO          140    i.HardFault_Handler  stm32f10x_it.o
    0x08000f5c   0x00000008   Code   RO           21    i.J1939_Get_ParameterGroup  jzj1939.o
    0x08000f64   0x00000018   Code   RO           22    i.J1939_Parse_CARWheel  jzj1939.o
    0x08000f7c   0x00000048   Code   RO           23    i.J1939_Parse_DisOfTravel  jzj1939.o
    0x08000fc4   0x0000000c   Code   RO           24    i.J1939_Parse_EBC1  jzj1939.o
    0x08000fd0   0x00000014   Code   RO           25    i.J1939_Parse_EEC1  jzj1939.o
    0x08000fe4   0x0000000c   Code   RO           26    i.J1939_Parse_EEC2  jzj1939.o
    0x08000ff0   0x00000002   Code   RO           27    i.J1939_Parse_ERC1  jzj1939.o
    0x08000ff2   0x00000002   PAD
    0x08000ff4   0x00000040   Code   RO           28    i.J1939_Parse_FuelOil  jzj1939.o
    0x08001034   0x00000018   Code   RO           29    i.J1939_Parse_TCO1  jzj1939.o
    0x0800104c   0x0000004c   Code   RO           51    i.JZ_QueueGet       jzqueue.o
    0x08001098   0x00000038   Code   RO           53    i.JZ_QueueInit      jzqueue.o
    0x080010d0   0x00000064   Code   RO           54    i.JZ_QueuePut       jzqueue.o
    0x08001134   0x0000006c   Code   RO          112    i.JzAppMainInit     jzappmain.o
    0x080011a0   0x0000001c   Code   RO           91    i.JzCanDisable      systermdefine.o
    0x080011bc   0x0000001c   Code   RO           92    i.JzCanEnable       systermdefine.o
    0x080011d8   0x00000008   Code   RO           94    i.JzGetCanErrorCode  systermdefine.o
    0x080011e0   0x0000000a   Code   RO           95    i.JzLedOff          systermdefine.o
    0x080011ea   0x0000000a   Code   RO           96    i.JzLedOn           systermdefine.o
    0x080011f4   0x0000001e   Code   RO           98    i.JzMutexInit       systermdefine.o
    0x08001212   0x00000014   Code   RO           99    i.JzMutexLock       systermdefine.o
    0x08001226   0x0000000c   Code   RO          100    i.JzMutexUnlock     systermdefine.o
    0x08001232   0x00000028   Code   RO          101    i.JzSemCreate       systermdefine.o
    0x0800125a   0x0000000e   Code   RO          103    i.JzSemPost         systermdefine.o
    0x08001268   0x00000016   Code   RO          104    i.JzSemWartfor      systermdefine.o
    0x0800127e   0x00000002   PAD
    0x08001280   0x00000010   Code   RO          105    i.JzSystemSetCanReadCallBack  systermdefine.o
    0x08001290   0x00000010   Code   RO          106    i.JzSystemSetUartReadCallBack  systermdefine.o
    0x080012a0   0x0000004a   Code   RO          107    i.JzThreadCreate    systermdefine.o
    0x080012ea   0x00000004   Code   RO          108    i.JzThreadExit      systermdefine.o
    0x080012ee   0x00000012   Code   RO          110    i.JzUartWrite       systermdefine.o
    0x08001300   0x00000050   Code   RO           67    i.Jz_Can2Uart       jzuartcan.o
    0x08001350   0x00000074   Code   RO            1    i.Jz_CanParse_Init  jzcanparse.o
    0x080013c4   0x0000001c   Code   RO            3    i.Jz_CanParse_SendFrame  jzcanparse.o
    0x080013e0   0x00000010   Code   RO            4    i.Jz_CanParse_SetCallBack  jzcanparse.o
    0x080013f0   0x00000078   Code   RO            5    i.Jz_CanParse_TaskFunc  jzcanparse.o
    0x08001468   0x0000007c   Code   RO            8    i.Jz_CanRead_Init   jzcanread.o
    0x080014e4   0x00000020   Code   RO           10    i.Jz_CanRead_ResetCan  jzcanread.o
    0x08001504   0x0000001c   Code   RO           11    i.Jz_CanRead_Resume  jzcanread.o
    0x08001520   0x0000006c   Code   RO           12    i.Jz_CanRead_SendFrame  jzcanread.o
    0x0800158c   0x00000010   Code   RO           13    i.Jz_CanRead_SetCallBack  jzcanread.o
    0x0800159c   0x0000001c   Code   RO           15    i.Jz_CanRead_Suspend  jzcanread.o
    0x080015b8   0x000000a0   Code   RO           16    i.Jz_CanRead_TaskFunc  jzcanread.o
    0x08001658   0x00000098   Code   RO           30    i.Jz_J1939_GetCarInfomation  jzj1939.o
    0x080016f0   0x00000090   Code   RO           31    i.Jz_J1939_Parse    jzj1939.o
    0x08001780   0x0000000c   Code   RO           34    i.Jz_ParamGetBaudrate  jzparam.o
    0x0800178c   0x00000074   Code   RO           36    i.Jz_ParamGetResetFilter  jzparam.o
    0x08001800   0x0000001c   Code   RO           37    i.Jz_ParamSetBaudrate  jzparam.o
    0x0800181c   0x0000003c   Code   RO           38    i.Jz_ParamSetResetFilter  jzparam.o
    0x08001858   0x00000050   Code   RO           43    i.Jz_ParseUser_DetectSUM  jzparseuser.o
    0x080018a8   0x00000016   Code   RO           44    i.Jz_ParseUser_DetectSync  jzparseuser.o
    0x080018be   0x00000028   Code   RO           45    i.Jz_ParseUser_DetectvaildMsgtype  jzparseuser.o
    0x080018e6   0x00000070   Code   RO           46    i.Jz_ParseUser_Process  jzparseuser.o
    0x08001956   0x00000002   PAD
    0x08001958   0x0000004c   Code   RO          114    i.Jz_Periphral_Can_GPIOConfig  jz_peripheral_can.o
    0x080019a4   0x00000014   Code   RO          115    i.Jz_Periphral_Can_GetErrorCode  jz_peripheral_can.o
    0x080019b8   0x000000c4   Code   RO          116    i.Jz_Periphral_Can_Init  jz_peripheral_can.o
    0x08001a7c   0x0000003c   Code   RO          117    i.Jz_Periphral_Can_NVICConfiguration  jz_peripheral_can.o
    0x08001ab8   0x00000040   Code   RO          118    i.Jz_Periphral_Can_NVICDisabled  jz_peripheral_can.o
    0x08001af8   0x00000040   Code   RO          119    i.Jz_Periphral_Can_NVICEnabled  jz_peripheral_can.o
    0x08001b38   0x00000060   Code   RO          134    i.Jz_Periphral_Init  jzperipherals.o
    0x08001b98   0x00000084   Code   RO          135    i.Jz_Periphral_LED_Init  jz_peripheral_led.o
    0x08001c1c   0x00000020   Code   RO          136    i.Jz_Periphral_LED_Off  jz_peripheral_led.o
    0x08001c3c   0x00000024   Code   RO          137    i.Jz_Periphral_LED_On  jz_peripheral_led.o
    0x08001c60   0x00000060   Code   RO          123    i.Jz_Periphral_TIM4_Init  jz_peripheral_uart.o
    0x08001cc0   0x00000028   Code   RO          124    i.Jz_Periphral_TIM4_Set  jz_peripheral_uart.o
    0x08001ce8   0x00000048   Code   RO          126    i.Jz_Periphral_UART_DMA_Config  jz_peripheral_uart.o
    0x08001d30   0x00000020   Code   RO          127    i.Jz_Periphral_UART_DMA_Enable  jz_peripheral_uart.o
    0x08001d50   0x00000030   Code   RO          128    i.Jz_Periphral_UART_SEND_DATA  jz_peripheral_uart.o
    0x08001d80   0x000000d8   Code   RO          129    i.Jz_Periphral_USART2_Init  jz_peripheral_uart.o
    0x08001e58   0x0000002e   Code   RO           56    i.Jz_Ringbuffer_AddBufferHearaddr  jzringbuffer.o
    0x08001e86   0x00000002   PAD
    0x08001e88   0x000000b8   Code   RO           58    i.Jz_Ringbuffer_GetbufferHeardata  jzringbuffer.o
    0x08001f40   0x00000050   Code   RO           59    i.Jz_Ringbuffer_Init  jzringbuffer.o
    0x08001f90   0x000000f4   Code   RO           60    i.Jz_Ringbuffer_PutDataToBuffer  jzringbuffer.o
    0x08002084   0x00000084   Code   RO           63    i.Jz_SystermGetMutexAttrByName  jzthreadinfo.o
    0x08002108   0x0000013c   Code   RO           64    i.Jz_SystermGetThreadInfoByName  jzthreadinfo.o
    0x08002244   0x00000074   Code   RO           70    i.Jz_UartParse_Init  jzuartparse.o
    0x080022b8   0x00000020   Code   RO           72    i.Jz_UartParse_SendFrame  jzuartparse.o
    0x080022d8   0x000000cc   Code   RO           73    i.Jz_UartParse_TaskFunc  jzuartparse.o
    0x080023a4   0x00000074   Code   RO           76    i.Jz_UartRead_Init  jzuartread.o
    0x08002418   0x00000074   Code   RO           78    i.Jz_UartRead_SendFrame  jzuartread.o
    0x0800248c   0x00000010   Code   RO           79    i.Jz_UartRead_SetCallBack  jzuartread.o
    0x0800249c   0x000000b0   Code   RO           81    i.Jz_UartRead_TaskFunc  jzuartread.o
    0x0800254c   0x0000007c   Code   RO           85    i.Jz_UartSend_Init  jzuartsend.o
    0x080025c8   0x0000001c   Code   RO           87    i.Jz_UartSend_SendFrame  jzuartsend.o
    0x080025e4   0x000000a4   Code   RO           88    i.Jz_UartSend_TaskFunc  jzuartsend.o
    0x08002688   0x00000004   Code   RO          141    i.MemManage_Handler  stm32f10x_it.o
    0x0800268c   0x00000014   Code   RO           32    i.MsgCounter        jzj1939.o
    0x080026a0   0x00000014   Code   RO           68    i.MsgCounter        jzuartcan.o
    0x080026b4   0x00000002   Code   RO          142    i.NMI_Handler       stm32f10x_it.o
    0x080026b6   0x00000002   PAD
    0x080026b8   0x00000070   Code   RO          586    i.NVIC_Init         misc.o
    0x08002728   0x00000014   Code   RO          587    i.NVIC_PriorityGroupConfig  misc.o
    0x0800273c   0x00000014   Code   RO          588    i.NVIC_SetVectorTable  misc.o
    0x08002750   0x00000030   Code   RO          190    i.OSInit            os_core.o
    0x08002780   0x0000000c   Code   RO          265    i.OSInitHookBegin   os_cpu_c.o
    0x0800278c   0x00000002   Code   RO          266    i.OSInitHookEnd     os_cpu_c.o
    0x0800278e   0x00000002   PAD
    0x08002790   0x00000024   Code   RO          191    i.OSIntEnter        os_core.o
    0x080027b4   0x00000090   Code   RO          192    i.OSIntExit         os_core.o
    0x08002844   0x00000094   Code   RO          173    i.OSMutexCreate     os_mutex.o
    0x080028d8   0x00000238   Code   RO          175    i.OSMutexPend       os_mutex.o
    0x08002b10   0x000000c8   Code   RO          176    i.OSMutexPost       os_mutex.o
    0x08002bd8   0x00000084   Code   RO          178    i.OSMutex_RdyAtPrio  os_mutex.o
    0x08002c5c   0x00000040   Code   RO          193    i.OSSchedLock       os_core.o
    0x08002c9c   0x00000060   Code   RO          194    i.OSSchedUnlock     os_core.o
    0x08002cfc   0x0000004c   Code   RO          223    i.OSSemCreate       os_sem.o
    0x08002d48   0x000000ec   Code   RO          225    i.OSSemPend         os_sem.o
    0x08002e34   0x00000058   Code   RO          227    i.OSSemPost         os_sem.o
    0x08002e8c   0x00000048   Code   RO          195    i.OSStart           os_core.o
    0x08002ed4   0x00000002   Code   RO          267    i.OSTCBInitHook     os_cpu_c.o
    0x08002ed6   0x00000002   PAD
    0x08002ed8   0x000000b8   Code   RO          232    i.OSTaskCreateExt   os_task.o
    0x08002f90   0x00000002   Code   RO          268    i.OSTaskCreateHook  os_cpu_c.o
    0x08002f92   0x00000002   Code   RO          270    i.OSTaskIdleHook    os_cpu_c.o
    0x08002f94   0x00000070   Code   RO          236    i.OSTaskNameSet     os_task.o
    0x08003004   0x00000002   Code   RO          272    i.OSTaskStatHook    os_cpu_c.o
    0x08003006   0x00000002   PAD
    0x08003008   0x0000008c   Code   RO          241    i.OSTaskStkChk      os_task.o
    0x08003094   0x0000009a   Code   RO          273    i.OSTaskStkInit     os_cpu_c.o
    0x0800312e   0x00000002   PAD
    0x08003130   0x000000a8   Code   RO          242    i.OSTaskSuspend     os_task.o
    0x080031d8   0x00000002   Code   RO          274    i.OSTaskSwHook      os_cpu_c.o
    0x080031da   0x00000002   PAD
    0x080031dc   0x00000078   Code   RO          245    i.OSTimeDly         os_time.o
    0x08003254   0x00000060   Code   RO          246    i.OSTimeDlyHMSM     os_time.o
    0x080032b4   0x000000ec   Code   RO          197    i.OSTimeTick        os_core.o
    0x080033a0   0x00000024   Code   RO          275    i.OSTimeTickHook    os_cpu_c.o
    0x080033c4   0x00000014   Code   RO          254    i.OSTmrSignal       os_tmr.o
    0x080033d8   0x000000b8   Code   RO          260    i.OSTmr_Init        os_tmr.o
    0x08003490   0x00000050   Code   RO          261    i.OSTmr_InitTask    os_tmr.o
    0x080034e0   0x0000006c   Code   RO          262    i.OSTmr_Link        os_tmr.o
    0x0800354c   0x00000080   Code   RO          263    i.OSTmr_Task        os_tmr.o
    0x080035cc   0x00000044   Code   RO          264    i.OSTmr_Unlink      os_tmr.o
    0x08003610   0x00000084   Code   RO          200    i.OS_EventTaskRdy   os_core.o
    0x08003694   0x0000002a   Code   RO          201    i.OS_EventTaskRemove  os_core.o
    0x080036be   0x00000002   PAD
    0x080036c0   0x0000007c   Code   RO          202    i.OS_EventTaskWait  os_core.o
    0x0800373c   0x0000001c   Code   RO          203    i.OS_EventWaitListInit  os_core.o
    0x08003758   0x00000058   Code   RO          161    i.OS_FlagInit       os_flag.o
    0x080037b0   0x00000054   Code   RO          204    i.OS_InitEventList  os_core.o
    0x08003804   0x00000054   Code   RO          205    i.OS_InitMisc       os_core.o
    0x08003858   0x00000044   Code   RO          206    i.OS_InitRdyList    os_core.o
    0x0800389c   0x00000080   Code   RO          207    i.OS_InitTCBList    os_core.o
    0x0800391c   0x00000050   Code   RO          208    i.OS_InitTaskIdle   os_core.o
    0x0800396c   0x00000050   Code   RO          209    i.OS_InitTaskStat   os_core.o
    0x080039bc   0x00000012   Code   RO          210    i.OS_MemClr         os_core.o
    0x080039ce   0x00000002   PAD
    0x080039d0   0x00000050   Code   RO          189    i.OS_QInit          os_q.o
    0x08003a20   0x00000074   Code   RO          212    i.OS_Sched          os_core.o
    0x08003a94   0x0000002c   Code   RO          213    i.OS_SchedNew       os_core.o
    0x08003ac0   0x00000134   Code   RO          215    i.OS_TCBInit        os_core.o
    0x08003bf4   0x00000028   Code   RO          216    i.OS_TaskIdle       os_core.o
    0x08003c1c   0x00000088   Code   RO          217    i.OS_TaskStat       os_core.o
    0x08003ca4   0x0000003c   Code   RO          218    i.OS_TaskStatStkChk  os_core.o
    0x08003ce0   0x0000001a   Code   RO          244    i.OS_TaskStkClr     os_task.o
    0x08003cfa   0x00000002   PAD
    0x08003cfc   0x00000020   Code   RO          350    i.RCC_AHBPeriphClockCmd  stm32f10x_rcc.o
    0x08003d1c   0x00000020   Code   RO          351    i.RCC_APB1PeriphClockCmd  stm32f10x_rcc.o
    0x08003d3c   0x00000020   Code   RO          352    i.RCC_APB1PeriphResetCmd  stm32f10x_rcc.o
    0x08003d5c   0x00000020   Code   RO          353    i.RCC_APB2PeriphClockCmd  stm32f10x_rcc.o
    0x08003d7c   0x00000020   Code   RO          354    i.RCC_APB2PeriphResetCmd  stm32f10x_rcc.o
    0x08003d9c   0x000000d4   Code   RO          361    i.RCC_GetClocksFreq  stm32f10x_rcc.o
    0x08003e70   0x00000002   Code   RO          143    i.SVC_Handler       stm32f10x_it.o
    0x08003e72   0x00000008   Code   RO          145    i.SetSysClock       system_stm32f10x.o
    0x08003e7a   0x00000002   PAD
    0x08003e7c   0x000000e0   Code   RO          146    i.SetSysClockTo72   system_stm32f10x.o
    0x08003f5c   0x00000028   Code   RO          590    i.SysTick_CLKSourceConfig  misc.o
    0x08003f84   0x0000001c   Code   RO          755    i.SysTick_Handler   delay.o
    0x08003fa0   0x00000060   Code   RO          148    i.SystemInit        system_stm32f10x.o
    0x08004000   0x00000054   Code   RO          130    i.TIM4_IRQHandler   jz_peripheral_uart.o
    0x08004054   0x00000006   Code   RO          638    i.TIM_ClearITPendingBit  stm32f10x_tim.o
    0x0800405a   0x00000018   Code   RO          643    i.TIM_Cmd           stm32f10x_tim.o
    0x08004072   0x00000022   Code   RO          664    i.TIM_GetITStatus   stm32f10x_tim.o
    0x08004094   0x00000012   Code   RO          668    i.TIM_ITConfig      stm32f10x_tim.o
    0x080040a6   0x00000004   Code   RO          708    i.TIM_SetCounter    stm32f10x_tim.o
    0x080040aa   0x00000002   PAD
    0x080040ac   0x000000a4   Code   RO          714    i.TIM_TimeBaseInit  stm32f10x_tim.o
    0x08004150   0x000000a4   Code   RO          767    i.UART_Init         usart.o
    0x080041f4   0x00000090   Code   RO          768    i.USART1_IRQHandler  usart.o
    0x08004284   0x00000064   Code   RO          131    i.USART2_IRQHandler  jz_peripheral_uart.o
    0x080042e8   0x00000018   Code   RO          722    i.USART_Cmd         stm32f10x_usart.o
    0x08004300   0x00000012   Code   RO          723    i.USART_DMACmd      stm32f10x_usart.o
    0x08004312   0x00000002   PAD
    0x08004314   0x0000009c   Code   RO          724    i.USART_DeInit      stm32f10x_usart.o
    0x080043b0   0x00000054   Code   RO          726    i.USART_GetITStatus  stm32f10x_usart.o
    0x08004404   0x0000004a   Code   RO          728    i.USART_ITConfig    stm32f10x_usart.o
    0x0800444e   0x00000002   PAD
    0x08004450   0x000000d8   Code   RO          729    i.USART_Init        stm32f10x_usart.o
    0x08004528   0x0000000a   Code   RO          736    i.USART_ReceiveData  stm32f10x_usart.o
    0x08004532   0x00000002   PAD
    0x08004534   0x00000038   Code   RO          120    i.USB_LP_CAN1_RX0_IRQHandler  jz_peripheral_can.o
    0x0800456c   0x00000004   Code   RO          144    i.UsageFault_Handler  stm32f10x_it.o
    0x08004570   0x0000000e   Code   RO          807    i._is_digit         c_w.l(__printf_wp.o)
    0x0800457e   0x00000004   Code   RO          769    i._sys_exit         usart.o
    0x08004582   0x00000002   PAD
    0x08004584   0x0000005c   Code   RO          756    i.delay_init        delay.o
    0x080045e0   0x0000001c   Code   RO          770    i.fputc             usart.o
    0x080045fc   0x00000050   Code   RO          773    i.main              main.o
    0x0800464c   0x00000204   Code   RO          774    i.start_task        main.o
    0x08004850   0x00000014   Data   RO           18    .constdata          jzcanread.o
    0x08004864   0x00000017   Data   RO           47    .constdata          jzparseuser.o
    0x0800487b   0x0000003e   Data   RO           62    .constdata          jzringbuffer.o
    0x080048b9   0x00000015   Data   RO           83    .constdata          jzuartread.o
    0x080048ce   0x00000019   Data   RO          111    .constdata          systermdefine.o
    0x080048e7   0x00000016   Data   RO          121    .constdata          jz_peripheral_can.o
    0x080048fd   0x00000100   Data   RO          220    .constdata          os_core.o
    0x080049fd   0x00000028   Data   RO          799    .constdata          c_w.l(_printf_hex_int_ll_ptr.o)
    0x08004a25   0x00000011   Data   RO          812    .constdata          c_w.l(__printf_flags_ss_wp.o)
    0x08004a36   0x00000002   PAD
    0x08004a38   0x00000020   Data   RO         1016    Region$$Table       anon$$obj.o


    Execution Region ER_RW (Base: 0x20000000, Size: 0x00000208, Max: 0xffffffff, ABSOLUTE, COMPRESSED[0x00000054])

    Base Addr    Size         Type   Attr      Idx    E Section Name        Object

    0x20000000   0x00000040   Data   RW            7    .data               jzcanparse.o
    0x20000040   0x00000044   Data   RW           19    .data               jzcanread.o
    0x20000084   0x00000019   Data   RW           33    .data               jzj1939.o
    0x2000009d   0x00000002   Data   RW           41    .data               jzparam.o
    0x2000009f   0x00000001   Data   RW           69    .data               jzuartcan.o
    0x200000a0   0x0000003c   Data   RW           75    .data               jzuartparse.o
    0x200000dc   0x00000044   Data   RW           84    .data               jzuartread.o
    0x20000120   0x00000040   Data   RW           90    .data               jzuartsend.o
    0x20000160   0x00000008   Data   RW          122    .data               jz_peripheral_can.o
    0x20000168   0x00000008   Data   RW          133    .data               jz_peripheral_uart.o
    0x20000170   0x00000014   Data   RW          149    .data               system_stm32f10x.o
    0x20000184   0x0000005c   Data   RW          221    .data               os_core.o
    0x200001e0   0x00000006   Data   RW          276    .data               os_cpu_c.o
    0x200001e6   0x00000014   Data   RW          381    .data               stm32f10x_rcc.o
    0x200001fa   0x00000004   Data   RW          762    .data               delay.o
    0x200001fe   0x00000002   PAD
    0x20000200   0x00000006   Data   RW          772    .data               usart.o


    Execution Region ER_ZI (Base: 0x20000208, Size: 0x00002a18, Max: 0xffffffff, ABSOLUTE)

    Base Addr    Size         Type   Attr      Idx    E Section Name        Object

    0x20000208   0x0000019c   Zero   RW            6    .bss                jzcanparse.o
    0x200003a4   0x00000014   Zero   RW           17    .bss                jzcanread.o
    0x200003b8   0x00000138   Zero   RW           39    .bss                jzparam.o
    0x200004f0   0x00000900   Zero   RW           65    .bss                jzthreadinfo.o
    0x20000df0   0x00000318   Zero   RW           74    .bss                jzuartparse.o
    0x20001108   0x000000c8   Zero   RW           82    .bss                jzuartread.o
    0x200011d0   0x00000118   Zero   RW           89    .bss                jzuartsend.o
    0x200012e8   0x00000190   Zero   RW          132    .bss                jz_peripheral_uart.o
    0x20001478   0x00000f7c   Zero   RW          219    .bss                os_core.o
    0x200023f4   0x000000c8   Zero   RW          771    .bss                usart.o
    0x200024bc   0x00000100   Zero   RW          775    .bss                main.o
    0x200025bc   0x00000060   Zero   RW          918    .bss                c_w.l(libspace.o)
    0x2000261c   0x00000004   PAD
    0x20002620   0x00000200   Zero   RW          278    HEAP                startup_stm32f10x_md.o
    0x20002820   0x00000400   Zero   RW          277    STACK               startup_stm32f10x_md.o


==============================================================================

Image component sizes


      Code (inc. data)   RO Data    RW Data    ZI Data      Debug   Object Name

       120         20          0          4          0          0   delay.o
       536        116         22          8          0          0   jz_peripheral_can.o
       200         40          0          0          0          0   jz_peripheral_led.o
       688         76          0          8        400          0   jz_peripheral_uart.o
       108         46          0          0          0          0   jzappmain.o
       280        112          0         64        412          0   jzcanparse.o
       496        208         20         68         20          0   jzcanread.o
       580        106          0         25          0          0   jzj1939.o
       216         24          0          2        312          0   jzparam.o
       280         26         23          0          0          0   jzparseuser.o
        96          0          0          0          0          0   jzperipherals.o
       232          8          0          0          0          0   jzqueue.o
       554        152         62          0          0          0   jzringbuffer.o
       448        174          0          0       2304          0   jzthreadinfo.o
       126          6          0          1          0          0   jzuartcan.o
       352        106          0         60        792          0   jzuartparse.o
       424        192         21         68        200          0   jzuartread.o
       316        122          0         64        280          0   jzuartsend.o
       596        286          0          0        256          0   main.o
       192         30          0          0          0          0   misc.o
      2268        410        256         92       3964          0   os_core.o
       180         36          0          0          0          0   os_cpu_a.o
       214         10          0          6          0          0   os_cpu_c.o
        88         14          0          0          0          0   os_flag.o
      1048         72          0          0          0          0   os_mutex.o
        80          8          0          0          0          0   os_q.o
       400         22          0          0          0          0   os_sem.o
       630         52          0          0          0          0   os_task.o
       216         30          0          0          0          0   os_time.o
       588         98          0          0          0          0   os_tmr.o
        64         26        236          0       1536          0   startup_stm32f10x_md.o
       634          6          0          0          0          0   stm32f10x_can.o
       428          8          0          0          0          0   stm32f10x_dma.o
       282          0          0          0          0          0   stm32f10x_gpio.o
        22          0          0          0          0          0   stm32f10x_it.o
       372         50          0         20          0          0   stm32f10x_rcc.o
       250         42          0          0          0          0   stm32f10x_tim.o
       582         28          0          0          0          0   stm32f10x_usart.o
       328         28          0         20          0          0   system_stm32f10x.o
       350         36         25          0          0          0   systermdefine.o
       340         28          0          6        200          0   usart.o

    ----------------------------------------------------------------------
     16242       2854        697        520      10676          0   Object Totals
         0          0         32          0          0          0   (incl. Generated)
        38          0          0          4          0          0   (incl. Padding)

    ----------------------------------------------------------------------

      Code (inc. data)   RO Data    RW Data    ZI Data      Debug   Library Member Name

        24          4          0          0          0          0   __2printf.o
        90          0          0          0          0          0   __dczerorl2.o
         8          0          0          0          0          0   __main.o
       392          4         17          0          0          0   __printf_flags_ss_wp.o
        14          0          0          0          0          0   __printf_wp.o
         0          0          0          0          0          0   __rtentry.o
        12          0          0          0          0          0   __rtentry2.o
         6          0          0          0          0          0   __rtentry4.o
        52          8          0          0          0          0   __scatter.o
        28          0          0          0          0          0   __scatter_zi.o
        44          0          0          0          0          0   _printf_char.o
        48          6          0          0          0          0   _printf_char_common.o
        36          4          0          0          0          0   _printf_char_file.o
         6          0          0          0          0          0   _printf_d.o
       120         16          0          0          0          0   _printf_dec.o
       148          4         40          0          0          0   _printf_hex_int_ll_ptr.o
       178          0          0          0          0          0   _printf_intcommon.o
        78          0          0          0          0          0   _printf_pad.o
         0          0          0          0          0          0   _printf_percent.o
         4          0          0          0          0          0   _printf_percent_end.o
         6          0          0          0          0          0   _printf_s.o
        82          0          0          0          0          0   _printf_str.o
         6          0          0          0          0          0   _printf_x.o
        12          0          0          0          0          0   exit.o
         8          0          0          0          0          0   ferror.o
         6          0          0          0          0          0   heapauxi.o
         2          0          0          0          0          0   libinit.o
         2          0          0          0          0          0   libinit2.o
         2          0          0          0          0          0   libshutdown.o
         2          0          0          0          0          0   libshutdown2.o
         8          4          0          0         96          0   libspace.o
        68          0          0          0          0          0   rt_memclr.o
        78          0          0          0          0          0   rt_memclr_w.o
       138          0          0          0          0          0   rt_memcpy_v6.o
       100          0          0          0          0          0   rt_memcpy_w.o
         2          0          0          0          0          0   rtexit.o
        10          0          0          0          0          0   rtexit2.o
       128          0          0          0          0          0   strcmpv7m.o
        74          0          0          0          0          0   sys_stackheap_outer.o
         2          0          0          0          0          0   use_no_semi.o
         2          0          0          0          0          0   use_no_semi_2.o

    ----------------------------------------------------------------------
      2034         50         59          0        100          0   Library Totals
         8          0          2          0          4          0   (incl. Padding)

    ----------------------------------------------------------------------

      Code (inc. data)   RO Data    RW Data    ZI Data      Debug   Library Name

      2026         50         57          0         96          0   c_w.l

    ----------------------------------------------------------------------
      2034         50         59          0        100          0   Library Totals

    ----------------------------------------------------------------------

==============================================================================


      Code (inc. data)   RO Data    RW Data    ZI Data      Debug   

     18276       2904        756        520      10776          0   Grand Totals
     18276       2904        756         84      10776          0   ELF Image Totals (compressed)
     18276       2904        756         84          0          0   ROM Totals

==============================================================================

    Total RO  Size (Code + RO Data)                19032 (  18.59kB)
    Total RW  Size (RW Data + ZI Data)             11296 (  11.03kB)
    Total ROM Size (Code + RO Data + RW Data)      19116 (  18.67kB)

==============================================================================

