<html>
<body>
<pre>
<h1>µVision Build Log</h1>
<h2>Tool Versions:</h2>
IDE-Version: ¦ÌVision V5.14.0.0
Copyright (C) 2015 ARM Ltd and ARM Germany GmbH. All rights reserved.
License Information: Jack Zhao, Microsoft, LIC=----
 
Tool Versions:
Toolchain:       MDK-Lite  Version: 5.14.0.0
Toolchain Path:  D:\Keil_v5\ARM\ARMCC\Bin
C Compiler:      Armcc.exe V5.05 update 1 (build 106)
Assembler:       Armasm.exe V5.05 update 1 (build 106)
Linker/Locator:  ArmLink.exe V5.05 update 1 (build 106)
Library Manager: ArmAr.exe V5.05 update 1 (build 106)
Hex Converter:   FromElf.exe V5.05 update 1 (build 106)
CPU DLL:         SARMCM3.DLL V5.14.0.0
Dialog DLL:      DCM.DLL V1.13.1.0
Target DLL:      UL2CM3.DLL V1.155.0.0
Dialog DLL:      TCM.DLL V1.14.4.0
 
<h2>Project:</h2>
E:\PLATFORMADAS\J1939\Project\J1939.uvprojx
Project File Date:  12/20/2018

<h2>Output:</h2>
Rebuild target 'J1939'
compiling JzCanParse.c...
compiling JzCanRead.c...
compiling JzJ1939.c...
compiling JzParam.c...
compiling JzParseUser.c...
compiling JzQueue.c...
..\Apps\src\JzQueue.c(4): warning:  #177-D: function "Print_QueueInfo" was declared but never referenced
  static void Print_QueueInfo(const char *func,JZ_QUEUE_INFO *info)
..\Apps\src\JzQueue.c: 1 warning, 0 errors
compiling JzRingbuffer.c...
..\Apps\src\JzRingbuffer.c(5): warning:  #177-D: function "Print_Info" was declared but never referenced
  static void Print_Info(const char *func,JZ_RINGBUFFER *info)
..\Apps\src\JzRingbuffer.c: 1 warning, 0 errors
compiling JzThreadInfo.c...
compiling JzUartCan.c...
compiling JzUartParse.c...
compiling JzUartRead.c...
compiling JzUartSend.c...
compiling SystermDefine.c...
..\Apps\src\SystermDefine.c(38): warning:  #167-D: argument of type "void *" is incompatible with parameter of type "void (*)(void *)"
        OSTaskCreateExt(task,
..\Apps\src\SystermDefine.c(18): warning:  #177-D: variable "ret" was declared but never referenced
        JZ_S32 ret  = JZ_SUCCESS;
..\Apps\src\SystermDefine.c(67): warning:  #940-D: missing return statement at end of non-void function "JzThreadJoin"
  }
..\Apps\src\SystermDefine.c(273): warning:  #167-D: argument of type "unsigned char *" is incompatible with parameter of type "char *"
        Jz_Periphral_UART_SEND_DATA(buf,len);
..\Apps\src\SystermDefine.c: 4 warnings, 0 errors
compiling JzAppMain.c...
compiling Jz_Peripheral_Can.c...
compiling Jz_Peripheral_Uart.c...
compiling JzPeripherals.c...
compiling Jz_Peripheral_Led.c...
compiling stm32f10x_it.c...
compiling system_stm32f10x.c...
compiling core_cm3.c...
compiling os_flag.c...
compiling os_mbox.c...
compiling os_mem.c...
compiling os_mutex.c...
compiling os_q.c...
compiling os_core.c...
compiling os_sem.c...
compiling os_task.c...
compiling os_time.c...
compiling os_tmr.c...
compiling os_cpu_c.c...
assembling startup_stm32f10x_md.s...
assembling os_cpu_a.asm...
compiling stm32f10x_spi.c...
compiling stm32f10x_sdio.c...
compiling stm32f10x_rtc.c...
compiling stm32f10x_rcc.c...
compiling stm32f10x_pwr.c...
compiling stm32f10x_iwdg.c...
compiling stm32f10x_i2c.c...
compiling stm32f10x_gpio.c...
compiling stm32f10x_fsmc.c...
compiling stm32f10x_flash.c...
compiling stm32f10x_exti.c...
compiling stm32f10x_dma.c...
compiling stm32f10x_dbgmcu.c...
compiling stm32f10x_dac.c...
compiling stm32f10x_crc.c...
compiling stm32f10x_cec.c...
compiling stm32f10x_can.c...
compiling stm32f10x_bkp.c...
compiling misc.c...
compiling stm32f10x_adc.c...
compiling stm32f10x_tim.c...
compiling stm32f10x_usart.c...
compiling stm32f10x_wwdg.c...
compiling delay.c...
compiling sys.c...
compiling usart.c...
compiling main.c...
linking...
Program Size: Code=18276 RO-data=756 RW-data=520 ZI-data=10776  
FromELF: creating hex file...
".\Objects\J1939.axf" - 0 Error(s), 6 Warning(s).

<h2>Collection of Component include folders:</h2>
  E:\PLATFORMADAS\J1939\Project\RTE
  D:\Keil_v5\ARM\PACK\Keil\STM32F1xx_DFP\1.0.5\Device\Include

<h2>Collection of Component Files used:</h2>
</pre>
</body>
</html>
